ARM Linker, 5.03 [Build 76] [MDK-ARM Standard]

==============================================================================

Section Cross References

    stm32fxxx_it.o(i.EXTI1_IRQHandler) refers to stm32f2xx_exti.o(i.EXTI_GetITStatus) for EXTI_GetITStatus
    stm32fxxx_it.o(i.EXTI1_IRQHandler) refers to stm32f2xx_exti.o(i.EXTI_ClearITPendingBit) for EXTI_ClearITPendingBit
    stm32fxxx_it.o(i.EXTI1_IRQHandler) refers to app_task.o(.bss) for USB_Host
    stm32fxxx_it.o(i.OTG_FS_IRQHandler) refers to usb_hcd_int.o(i.USBH_OTG_ISR_Handler) for USBH_OTG_ISR_Handler
    stm32fxxx_it.o(i.OTG_FS_IRQHandler) refers to app_task.o(.bss) for USB_OTG_Core
    stm32fxxx_it.o(i.SysTick_Handler) refers to os_core.o(i.OSIntEnter) for OSIntEnter
    stm32fxxx_it.o(i.SysTick_Handler) refers to os_core.o(i.OSTimeTick) for OSTimeTick
    stm32fxxx_it.o(i.SysTick_Handler) refers to os_core.o(i.OSIntExit) for OSIntExit
    stm32fxxx_it.o(i.SysTick_Handler) refers to rtc.o(i.RTC_SysTickCount) for RTC_SysTickCount
    stm32fxxx_it.o(i.TIM2_IRQHandler) refers to usb_bsp.o(i.USB_OTG_BSP_TimerIRQ) for USB_OTG_BSP_TimerIRQ
    usb_bsp.o(i.BSP_Delay) refers to usb_bsp.o(i.BSP_SetTime) for BSP_SetTime
    usb_bsp.o(i.BSP_Delay) refers to stm32f2xx_tim.o(i.TIM_Cmd) for TIM_Cmd
    usb_bsp.o(i.BSP_Delay) refers to usb_bsp.o(.data) for BSP_delay
    usb_bsp.o(i.BSP_SetTime) refers to stm32f2xx_tim.o(i.TIM_Cmd) for TIM_Cmd
    usb_bsp.o(i.BSP_SetTime) refers to stm32f2xx_tim.o(i.TIM_ITConfig) for TIM_ITConfig
    usb_bsp.o(i.BSP_SetTime) refers to stm32f2xx_tim.o(i.TIM_TimeBaseInit) for TIM_TimeBaseInit
    usb_bsp.o(i.BSP_SetTime) refers to stm32f2xx_tim.o(i.TIM_ClearITPendingBit) for TIM_ClearITPendingBit
    usb_bsp.o(i.BSP_SetTime) refers to stm32f2xx_tim.o(i.TIM_ARRPreloadConfig) for TIM_ARRPreloadConfig
    usb_bsp.o(i.USB_OTG_BSP_ConfigVBUS) refers to stm32f2xx_rcc.o(i.RCC_AHB1PeriphClockCmd) for RCC_AHB1PeriphClockCmd
    usb_bsp.o(i.USB_OTG_BSP_ConfigVBUS) refers to stm32f2xx_gpio.o(i.GPIO_Init) for GPIO_Init
    usb_bsp.o(i.USB_OTG_BSP_ConfigVBUS) refers to stm32f2xx_gpio.o(i.GPIO_SetBits) for GPIO_SetBits
    usb_bsp.o(i.USB_OTG_BSP_ConfigVBUS) refers to usb_bsp.o(i.USB_OTG_BSP_mDelay) for USB_OTG_BSP_mDelay
    usb_bsp.o(i.USB_OTG_BSP_DriveVBUS) refers to stm32f2xx_gpio.o(i.GPIO_SetBits) for GPIO_SetBits
    usb_bsp.o(i.USB_OTG_BSP_DriveVBUS) refers to stm32f2xx_gpio.o(i.GPIO_ResetBits) for GPIO_ResetBits
    usb_bsp.o(i.USB_OTG_BSP_EnableInterrupt) refers to misc.o(i.NVIC_PriorityGroupConfig) for NVIC_PriorityGroupConfig
    usb_bsp.o(i.USB_OTG_BSP_EnableInterrupt) refers to misc.o(i.NVIC_Init) for NVIC_Init
    usb_bsp.o(i.USB_OTG_BSP_Init) refers to stm32f2xx_rcc.o(i.RCC_AHB1PeriphClockCmd) for RCC_AHB1PeriphClockCmd
    usb_bsp.o(i.USB_OTG_BSP_Init) refers to stm32f2xx_gpio.o(i.GPIO_Init) for GPIO_Init
    usb_bsp.o(i.USB_OTG_BSP_Init) refers to stm32f2xx_gpio.o(i.GPIO_PinAFConfig) for GPIO_PinAFConfig
    usb_bsp.o(i.USB_OTG_BSP_Init) refers to stm32f2xx_rcc.o(i.RCC_APB2PeriphClockCmd) for RCC_APB2PeriphClockCmd
    usb_bsp.o(i.USB_OTG_BSP_Init) refers to stm32f2xx_rcc.o(i.RCC_AHB2PeriphClockCmd) for RCC_AHB2PeriphClockCmd
    usb_bsp.o(i.USB_OTG_BSP_Init) refers to usb_bsp.o(i.USB_OTG_BSP_TimeInit) for USB_OTG_BSP_TimeInit
    usb_bsp.o(i.USB_OTG_BSP_TimeInit) refers to misc.o(i.NVIC_SetVectorTable) for NVIC_SetVectorTable
    usb_bsp.o(i.USB_OTG_BSP_TimeInit) refers to misc.o(i.NVIC_PriorityGroupConfig) for NVIC_PriorityGroupConfig
    usb_bsp.o(i.USB_OTG_BSP_TimeInit) refers to misc.o(i.NVIC_Init) for NVIC_Init
    usb_bsp.o(i.USB_OTG_BSP_TimeInit) refers to stm32f2xx_rcc.o(i.RCC_APB1PeriphClockCmd) for RCC_APB1PeriphClockCmd
    usb_bsp.o(i.USB_OTG_BSP_TimerIRQ) refers to stm32f2xx_tim.o(i.TIM_GetITStatus) for TIM_GetITStatus
    usb_bsp.o(i.USB_OTG_BSP_TimerIRQ) refers to stm32f2xx_tim.o(i.TIM_ClearITPendingBit) for TIM_ClearITPendingBit
    usb_bsp.o(i.USB_OTG_BSP_TimerIRQ) refers to stm32f2xx_tim.o(i.TIM_Cmd) for TIM_Cmd
    usb_bsp.o(i.USB_OTG_BSP_TimerIRQ) refers to usb_bsp.o(.data) for BSP_delay
    usb_bsp.o(i.USB_OTG_BSP_mDelay) refers to usb_bsp.o(i.BSP_Delay) for BSP_Delay
    usb_bsp.o(i.USB_OTG_BSP_uDelay) refers to usb_bsp.o(i.BSP_Delay) for BSP_Delay
    main.o(i.SysTick_Configuration) refers to xprintf.o(i.xprintf) for xprintf
    main.o(i.SysTick_Configuration) refers to system_stm32f2xx.o(.data) for SystemCoreClock
    main.o(i.main) refers to xprintf.o(i.xPrintfCom2_Init) for xPrintfCom2_Init
    main.o(i.main) refers to uart.o(i.USART_main) for USART_main
    main.o(i.main) refers to xprintf.o(i.xPrintfCom1_SysInfo) for xPrintfCom1_SysInfo
    main.o(i.main) refers to main.o(i.debug) for debug
    main.o(i.main) refers to os_core.o(i.OSInit) for OSInit
    main.o(i.main) refers to os_task.o(i.OSTaskCreate) for OSTaskCreate
    main.o(i.main) refers to os_core.o(i.OSStart) for OSStart
    main.o(i.main) refers to main.o(.bss) for starup_task_stk
[...]
    FILO_Write                               0x08000da9   Thumb Code    32  uart.o(i.FILO_Write)
    FSMC_NORSRAMCmd                          0x08000dc9   Thumb Code    46  stm32f2xx_fsmc.o(i.FSMC_NORSRAMCmd)
    FSMC_NORSRAMInit                         0x08000dfd   Thumb Code   224  stm32f2xx_fsmc.o(i.FSMC_NORSRAMInit)
    GPIO_Init                                0x08000edd   Thumb Code   144  stm32f2xx_gpio.o(i.GPIO_Init)
    GPIO_PinAFConfig                         0x08000f6d   Thumb Code    70  stm32f2xx_gpio.o(i.GPIO_PinAFConfig)
    GPIO_ReadInputDataBit                    0x08000fb3   Thumb Code    18  stm32f2xx_gpio.o(i.GPIO_ReadInputDataBit)
    GPIO_ResetBits                           0x08000fc5   Thumb Code     4  stm32f2xx_gpio.o(i.GPIO_ResetBits)
    GPIO_SetBits                             0x08000fc9   Thumb Code     4  stm32f2xx_gpio.o(i.GPIO_SetBits)
    HCD_GetCurrentFrame                      0x08000fcd   Thumb Code    10  usb_hcd.o(i.HCD_GetCurrentFrame)
    HCD_GetCurrentSpeed                      0x08000fd7   Thumb Code    20  usb_hcd.o(i.HCD_GetCurrentSpeed)
    HCD_GetURB_State                         0x08000feb   Thumb Code    10  usb_hcd.o(i.HCD_GetURB_State)
    HCD_GetXferCnt                           0x08000ff5   Thumb Code    12  usb_hcd.o(i.HCD_GetXferCnt)
    HCD_Init                                 0x08001001   Thumb Code    96  usb_hcd.o(i.HCD_Init)
    HCD_IsDeviceConnected                    0x08001061   Thumb Code     8  usb_hcd.o(i.HCD_IsDeviceConnected)
    HCD_ResetPort                            0x08001069   Thumb Code    14  usb_hcd.o(i.HCD_ResetPort)
    HCD_SubmitRequest                        0x08001077   Thumb Code    32  usb_hcd.o(i.HCD_SubmitRequest)
    HardFault_Handler                        0x08001097   Thumb Code     4  stm32fxxx_it.o(i.HardFault_Handler)
    LCD_Clear                                0x08001255   Thumb Code    40  stm322xg_eval_lcd.o(i.LCD_Clear)
    LCD_ClearLine                            0x0800127d   Thumb Code    38  stm322xg_eval_lcd.o(i.LCD_ClearLine)
    LCD_CtrlLinesConfig                      0x080012a9   Thumb Code   336  stm322xg_eval_lcd.o(i.LCD_CtrlLinesConfig)
    LCD_DisplayChar                          0x0800140d   Thumb Code    42  stm322xg_eval_lcd.o(i.LCD_DisplayChar)
    LCD_DisplayStringLine                    0x0800143d   Thumb Code    62  stm322xg_eval_lcd.o(i.LCD_DisplayStringLine)
    LCD_DisplayWelcomeStr                    0x08001481   Thumb Code    48  stm322xg_eval_lcd.o(i.LCD_DisplayWelcomeStr)
    LCD_DrawChar                             0x080014b5   Thumb Code   188  stm322xg_eval_lcd.o(i.LCD_DrawChar)
    LCD_DrawChinaChar                        0x0800157d   Thumb Code   118  stm322xg_eval_lcd.o(i.LCD_DrawChinaChar)
    LCD_FSMCConfig                           0x080015f3   Thumb Code   136  stm322xg_eval_lcd.o(i.LCD_FSMCConfig)
    LCD_GetFont                              0x0800167d   Thumb Code     6  stm322xg_eval_lcd.o(i.LCD_GetFont)
    LCD_LOG_ClearTextZone                    0x08001689   Thumb Code    40  lcd_log.o(i.LCD_LOG_ClearTextZone)
    LCD_LOG_DeInit                           0x080016b1   Thumb Code    56  lcd_log.o(i.LCD_LOG_DeInit)
    LCD_LOG_Init                             0x08001715   Thumb Code    14  lcd_log.o(i.LCD_LOG_Init)
    LCD_LOG_SetFooter                        0x08001723   Thumb Code   100  lcd_log.o(i.LCD_LOG_SetFooter)
    LCD_LOG_SetHeader                        0x08001789   Thumb Code   180  lcd_log.o(i.LCD_LOG_SetHeader)
    LCD_ReadReg                              0x08001971   Thumb Code    12  stm322xg_eval_lcd.o(i.LCD_ReadReg)
    LCD_SetBackColor                         0x0800197d   Thumb Code    12  stm322xg_eval_lcd.o(i.LCD_SetBackColor)
    LCD_SetColors                            0x0800198d   Thumb Code    20  stm322xg_eval_lcd.o(i.LCD_SetColors)
    LCD_SetCursor                            0x080019a9   Thumb Code    96  stm322xg_eval_lcd.o(i.LCD_SetCursor)
    LCD_SetFont                              0x08001a0d   Thumb Code     6  stm322xg_eval_lcd.o(i.LCD_SetFont)
    LCD_SetPoint                             0x08001a19   Thumb Code    48  stm322xg_eval_lcd.o(i.LCD_SetPoint)
    LCD_SetTextColor                         0x08001a4d   Thumb Code    12  stm322xg_eval_lcd.o(i.LCD_SetTextColor)
    LCD_WriteRAM                             0x08001a5d   Thumb Code     8  stm322xg_eval_lcd.o(i.LCD_WriteRAM)
    LCD_WriteRAM_Prepare                     0x08001a65   Thumb Code    10  stm322xg_eval_lcd.o(i.LCD_WriteRAM_Prepare)
    LCD_WriteReg                             0x08001a6f   Thumb Code    10  stm322xg_eval_lcd.o(i.LCD_WriteReg)
    MemManage_Handler                        0x08001a79   Thumb Code     4  stm32fxxx_it.o(i.MemManage_Handler)
    NMI_Handler                              0x08001a7d   Thumb Code     2  stm32fxxx_it.o(i.NMI_Handler)
    NVIC_Init                                0x08001a81   Thumb Code   108  misc.o(i.NVIC_Init)
    NVIC_PriorityGroupConfig                 0x08001af9   Thumb Code    10  misc.o(i.NVIC_PriorityGroupConfig)
    NVIC_SetVectorTable                      0x08001b0d   Thumb Code    12  misc.o(i.NVIC_SetVectorTable)
    OSInit                                   0x08001b21   Thumb Code    40  os_core.o(i.OSInit)
    OSInitHookBegin                          0x08001b49   Thumb Code    30  os_cpu_c.o(i.OSInitHookBegin)
    OSInitHookEnd                            0x08001b79   Thumb Code     2  os_cpu_c.o(i.OSInitHookEnd)
    OSIntEnter                               0x08001b7d   Thumb Code    28  os_core.o(i.OSIntEnter)
    OSIntExit                                0x08001ba1   Thumb Code    98  os_core.o(i.OSIntExit)
    OSSchedLock                              0x08001c25   Thumb Code    50  os_core.o(i.OSSchedLock)
    OSSchedUnlock                            0x08001c65   Thumb Code    82  os_core.o(i.OSSchedUnlock)
    OSSemCreate                              0x08001cc5   Thumb Code    68  os_sem.o(i.OSSemCreate)
    OSSemPend                                0x08001d11   Thumb Code   222  os_sem.o(i.OSSemPend)
    OSSemPost                                0x08001dfd   Thumb Code    88  os_sem.o(i.OSSemPost)
    OSStart                                  0x08001e55   Thumb Code    48  os_core.o(i.OSStart)
    OSStatInit                               0x08001e9d   Thumb Code    62  os_core.o(i.OSStatInit)
    OSTCBInitHook                            0x08001ee9   Thumb Code     2  os_cpu_c.o(i.OSTCBInitHook)
    OSTaskCreate                             0x08001eed   Thumb Code   148  os_task.o(i.OSTaskCreate)
    OSTaskCreateExt                          0x08001f8d   Thumb Code   170  os_task.o(i.OSTaskCreateExt)
    OSTaskCreateHook                         0x08002045   Thumb Code     2  os_cpu_c.o(i.OSTaskCreateHook)
    OSTaskDel                                0x08002049   Thumb Code   276  os_task.o(i.OSTaskDel)
    OSTaskDelHook                            0x08002185   Thumb Code     2  os_cpu_c.o(i.OSTaskDelHook)
    OSTaskIdleHook                           0x08002187   Thumb Code     8  os_cpu_c.o(i.OSTaskIdleHook)
    OSTaskReturnHook                         0x0800218f   Thumb Code     2  os_cpu_c.o(i.OSTaskReturnHook)
    OSTaskStatHook                           0x08002191   Thumb Code     2  os_cpu_c.o(i.OSTaskStatHook)
    OSTaskStkChk                             0x08002195   Thumb Code   128  os_task.o(i.OSTaskStkChk)
    OSTaskStkInit                            0x0800221d   Thumb Code   152  os_cpu_c.o(i.OSTaskStkInit)
    OSTaskSwHook                             0x080022b9   Thumb Code     2  os_cpu_c.o(i.OSTaskSwHook)
    OSTick_Init                              0x080022bd   Thumb Code    86  app_task.o(i.OSTick_Init)
    OSTimeDly                                0x0800231d   Thumb Code   100  os_time.o(i.OSTimeDly)
    OSTimeTick                               0x08002395   Thumb Code   144  os_core.o(i.OSTimeTick)
    OSTimeTickHook                           0x08002435   Thumb Code    30  os_cpu_c.o(i.OSTimeTickHook)
    OSTmrCreate                              0x08002459   Thumb Code    92  os_tmr.o(i.OSTmrCreate)
    OSTmrSignal                              0x080024b9   Thumb Code    16  os_tmr.o(i.OSTmrSignal)
    OSTmrStart                               0x080024cd   Thumb Code   128  os_tmr.o(i.OSTmrStart)
    OSTmr_Init                               0x08002591   Thumb Code   138  os_tmr.o(i.OSTmr_Init)
    OS_Dummy                                 0x080027a1   Thumb Code     2  os_core.o(i.OS_Dummy)
    OS_EventTaskRdy                          0x080027a5   Thumb Code   116  os_core.o(i.OS_EventTaskRdy)
    OS_EventTaskRemove                       0x08002829   Thumb Code    42  os_core.o(i.OS_EventTaskRemove)
    OS_EventTaskWait                         0x08002855   Thumb Code   112  os_core.o(i.OS_EventTaskWait)
    OS_EventWaitListInit                     0x080028d1   Thumb Code    28  os_core.o(i.OS_EventWaitListInit)
    OS_MemClr                                0x08002a9d   Thumb Code    18  os_core.o(i.OS_MemClr)
    OS_Sched                                 0x08002ab1   Thumb Code    74  os_core.o(i.OS_Sched)
    OS_TCBInit                               0x08002b45   Thumb Code   256  os_core.o(i.OS_TCBInit)
    OS_TaskIdle                              0x08002c5d   Thumb Code    34  os_core.o(i.OS_TaskIdle)
    OS_TaskReturn                            0x08002c85   Thumb Code    18  os_task.o(i.OS_TaskReturn)
    OS_TaskStat                              0x08002c9d   Thumb Code   146  os_core.o(i.OS_TaskStat)
    OS_TaskStatStkChk                        0x08002d45   Thumb Code    38  os_core.o(i.OS_TaskStatStkChk)
    OS_TaskStkClr                            0x08002d71   Thumb Code    26  os_task.o(i.OS_TaskStkClr)
    OTG_FS_IRQHandler                        0x08002d8d   Thumb Code    10  stm32fxxx_it.o(i.OTG_FS_IRQHandler)
    RCC_AHB1PeriphClockCmd                   0x08002d9d   Thumb Code    26  stm32f2xx_rcc.o(i.RCC_AHB1PeriphClockCmd)
    RCC_AHB2PeriphClockCmd                   0x08002dbd   Thumb Code    26  stm32f2xx_rcc.o(i.RCC_AHB2PeriphClockCmd)
    RCC_AHB3PeriphClockCmd                   0x08002ddd   Thumb Code    26  stm32f2xx_rcc.o(i.RCC_AHB3PeriphClockCmd)
    RCC_APB1PeriphClockCmd                   0x08002dfd   Thumb Code    26  stm32f2xx_rcc.o(i.RCC_APB1PeriphClockCmd)
    RCC_APB2PeriphClockCmd                   0x08002e1d   Thumb Code    26  stm32f2xx_rcc.o(i.RCC_APB2PeriphClockCmd)
    RCC_GetClocksFreq                        0x08002e3d   Thumb Code   214  stm32f2xx_rcc.o(i.RCC_GetClocksFreq)
    RTC_DelayXms                             0x08002f25   Thumb Code    26  rtc.o(i.RTC_DelayXms)
    RTC_SysTickCount                         0x08002f41   Thumb Code    20  rtc.o(i.RTC_SysTickCount)
    RTC_SysTickIsReady                       0x08002f59   Thumb Code    24  rtc.o(i.RTC_SysTickIsReady)
    RTC_SysTickOffSet                        0x08002f75   Thumb Code    10  rtc.o(i.RTC_SysTickOffSet)
    RTC_SysTickOffSet_Update                 0x08002f85   Thumb Code    18  rtc.o(i.RTC_SysTickOffSet_Update)
    Radix_DecToAscii                         0x08002f9d   Thumb Code   120  lib.o(i.Radix_DecToAscii)
    Radix_HexToChar                          0x08003015   Thumb Code    26  lib.o(i.Radix_HexToChar)
    Radix_UpCaseChar                         0x0800302f   Thumb Code    34  lib.o(i.Radix_UpCaseChar)
    SHELL_KeyLocation                        0x080031b9   Thumb Code    44  shell.o(i.SHELL_KeyLocation)
    SHELL_TestProcess                        0x080033d1   Thumb Code   158  shell.o(i.SHELL_TestProcess)
    SHELL_init                               0x080034b1   Thumb Code    60  shell.o(i.SHELL_init)
    STM322xG_LCD_Init                        0x0800352d   Thumb Code  1768  stm322xg_eval_lcd.o(i.STM322xG_LCD_Init)
    STM_EVAL_COMInit                         0x08003c59   Thumb Code   188  stm322xg_eval.o(i.STM_EVAL_COMInit)
    STM_EVAL_LEDInit                         0x08003d45   Thumb Code    62  stm322xg_eval.o(i.STM_EVAL_LEDInit)
    STM_EVAL_LEDToggle                       0x08003d91   Thumb Code    26  stm322xg_eval.o(i.STM_EVAL_LEDToggle)
    STM_EVAL_PBGetState                      0x08003db5   Thumb Code    22  stm322xg_eval.o(i.STM_EVAL_PBGetState)
    STM_EVAL_PBInit                          0x08003dd5   Thumb Code   140  stm322xg_eval.o(i.STM_EVAL_PBInit)
    SVC_Handler                              0x08003e7d   Thumb Code     2  stm32fxxx_it.o(i.SVC_Handler)
    SYSCFG_EXTILineConfig                    0x08003e81   Thumb Code    60  stm32f2xx_syscfg.o(i.SYSCFG_EXTILineConfig)
    SysTick_Handler                          0x0800422d   Thumb Code    20  stm32fxxx_it.o(i.SysTick_Handler)
    SystemCoreClockUpdate                    0x08004241   Thumb Code   170  system_stm32f2xx.o(i.SystemCoreClockUpdate)
    SystemInit                               0x08004301   Thumb Code    74  system_stm32f2xx.o(i.SystemInit)
    TIM2_IRQHandler                          0x0800435d   Thumb Code     8  stm32fxxx_it.o(i.TIM2_IRQHandler)
    TIM_ARRPreloadConfig                     0x08004365   Thumb Code    24  stm32f2xx_tim.o(i.TIM_ARRPreloadConfig)
    TIM_ClearITPendingBit                    0x0800437d   Thumb Code     6  stm32f2xx_tim.o(i.TIM_ClearITPendingBit)
    TIM_Cmd                                  0x08004383   Thumb Code    24  stm32f2xx_tim.o(i.TIM_Cmd)
    TIM_GetITStatus                          0x0800439b   Thumb Code    34  stm32f2xx_tim.o(i.TIM_GetITStatus)
    TIM_ITConfig                             0x080043bd   Thumb Code    18  stm32f2xx_tim.o(i.TIM_ITConfig)
    TIM_TimeBaseInit                         0x080043d1   Thumb Code   104  stm32f2xx_tim.o(i.TIM_TimeBaseInit)
    USART1_IRQHandler                        0x0800448d   Thumb Code   128  uart.o(i.USART1_IRQHandler)
    USART2_IRQHandler                        0x08004519   Thumb Code   132  uart.o(i.USART2_IRQHandler)
    USART3_IRQHandler                        0x080045a9   Thumb Code   136  uart.o(i.USART3_IRQHandler)
    USART_Cmd                                0x0800463d   Thumb Code    24  stm32f2xx_usart.o(i.USART_Cmd)
    USART_GetFlagStatus                      0x08004655   Thumb Code    26  stm32f2xx_usart.o(i.USART_GetFlagStatus)
    USART_ITConfig                           0x0800466f   Thumb Code    74  stm32f2xx_usart.o(i.USART_ITConfig)
    USART_Init                               0x080046b9   Thumb Code   204  stm32f2xx_usart.o(i.USART_Init)
    USART_SendData                           0x0800478d   Thumb Code     8  stm32f2xx_usart.o(i.USART_SendData)
    USART_TX_Empty                           0x08004795   Thumb Code    24  uart.o(i.USART_TX_Empty)
    USART_main                               0x080047ad   Thumb Code    88  uart.o(i.USART_main)
    USART_print_byte                         0x08004875   Thumb Code    94  uart.o(i.USART_print_byte)
    USART_print_bytehex                      0x080048d9   Thumb Code    48  uart.o(i.USART_print_bytehex)
    USART_print_mem                          0x08004909   Thumb Code    36  uart.o(i.USART_print_mem)
    USART_print_memhex                       0x0800492d   Thumb Code    30  uart.o(i.USART_print_memhex)
    USART_print_string                       0x0800494b   Thumb Code    52  uart.o(i.USART_print_string)
    USART_read                               0x08004981   Thumb Code    28  uart.o(i.USART_read)
    USART_received                           0x080049a1   Thumb Code    36  uart.o(i.USART_received)
    USART_sprint_byte                        0x080049c9   Thumb Code    38  uart.o(i.USART_sprint_byte)
    USBH_Alloc_Channel                       0x080049ef   Thumb Code    38  usbh_hcs.o(i.USBH_Alloc_Channel)
    USBH_BulkReceiveData                     0x08004a15   Thumb Code    96  usbh_ioreq.o(i.USBH_BulkReceiveData)
    USBH_BulkSendData                        0x08004a75   Thumb Code    94  usbh_ioreq.o(i.USBH_BulkSendData)
    USBH_ClrFeature                          0x08004ad3   Thumb Code    76  usbh_stdreq.o(i.USBH_ClrFeature)
    USBH_Connected                           0x08004b1f   Thumb Code    12  usbh_core.o(i.USBH_Connected)
    USBH_CtlReceiveData                      0x08004b2b   Thumb Code    70  usbh_ioreq.o(i.USBH_CtlReceiveData)
    USBH_CtlReq                              0x08004b71   Thumb Code   112  usbh_ioreq.o(i.USBH_CtlReq)
    USBH_CtlSendData                         0x08004be1   Thumb Code   110  usbh_ioreq.o(i.USBH_CtlSendData)
    USBH_CtlSendSetup                        0x08004c4f   Thumb Code    66  usbh_ioreq.o(i.USBH_CtlSendSetup)
    USBH_DFUSendData                         0x08004c91   Thumb Code   110  usbh_ioreq.o(i.USBH_DFUSendData)
    USBH_DFUSendSetup                        0x08004cff   Thumb Code    70  usbh_ioreq.o(i.USBH_DFUSendSetup)
    USBH_DFU_DownBin                         0x08004d51   Thumb Code   206  usbh_dfu_core.o(i.USBH_DFU_DownBin)
    USBH_DFU_IsDelay                         0x08005331   Thumb Code    90  usbh_dfu_core.o(i.USBH_DFU_IsDelay)
    USBH_DFU_RxPara                          0x080053a3   Thumb Code    46  usbh_dfu_core.o(i.USBH_DFU_RxPara)
    USBH_DFU_SetDelay                        0x080053d1   Thumb Code     6  usbh_dfu_core.o(i.USBH_DFU_SetDelay)
    USBH_DFU_TxPara                          0x080053dd   Thumb Code    46  usbh_dfu_core.o(i.USBH_DFU_TxPara)
    USBH_DeAllocate_AllChannel               0x0800540b   Thumb Code    28  usbh_hcs.o(i.USBH_DeAllocate_AllChannel)
    USBH_DeInit                              0x08005427   Thumb Code    58  usbh_core.o(i.USBH_DeInit)
    USBH_Disconnected                        0x08005461   Thumb Code    12  usbh_core.o(i.USBH_Disconnected)
    USBH_ErrorHandle                         0x0800546d   Thumb Code    46  usbh_core.o(i.USBH_ErrorHandle)
    USBH_Free_Channel                        0x0800549b   Thumb Code    30  usbh_hcs.o(i.USBH_Free_Channel)
    USBH_GetDescriptor                       0x080054b9   Thumb Code    68  usbh_stdreq.o(i.USBH_GetDescriptor)
    USBH_GetNextDesc                         0x08005525   Thumb Code    18  usbh_stdreq.o(i.USBH_GetNextDesc)
    USBH_Get_CfgDesc                         0x08005539   Thumb Code    94  usbh_stdreq.o(i.USBH_Get_CfgDesc)
    USBH_Get_DevDesc                         0x0800559d   Thumb Code    56  usbh_stdreq.o(i.USBH_Get_DevDesc)
    USBH_Get_StringDesc                      0x080055d5   Thumb Code    60  usbh_stdreq.o(i.USBH_Get_StringDesc)
    USBH_HandleControl                       0x08005611   Thumb Code   544  usbh_core.o(i.USBH_HandleControl)
    USBH_Init                                0x08005c11   Thumb Code    70  usbh_core.o(i.USBH_Init)
    USBH_MSC_BOT_Abort                       0x08005c7d   Thumb Code    86  usbh_msc_bot.o(i.USBH_MSC_BOT_Abort)
    USBH_MSC_DecodeCSW                       0x08005cf1   Thumb Code   108  usbh_msc_bot.o(i.USBH_MSC_DecodeCSW)
    USBH_MSC_ErrorHandle                     0x08005d71   Thumb Code    58  usbh_msc_core.o(i.USBH_MSC_ErrorHandle)
    USBH_MSC_HandleBOTXfer                   0x08005f89   Thumb Code   812  usbh_msc_bot.o(i.USBH_MSC_HandleBOTXfer)
    USBH_MSC_Init                            0x080062d9   Thumb Code    44  usbh_msc_bot.o(i.USBH_MSC_Init)
    USBH_MSC_ModeSense6                      0x08006439   Thumb Code   192  usbh_msc_scsi.o(i.USBH_MSC_ModeSense6)
    USBH_MSC_Read10                          0x08006509   Thumb Code   242  usbh_msc_scsi.o(i.USBH_MSC_Read10)
    USBH_MSC_ReadCapacity10                  0x08006609   Thumb Code   202  usbh_msc_scsi.o(i.USBH_MSC_ReadCapacity10)
    USBH_MSC_RequestSense                    0x080066e5   Thumb Code   208  usbh_msc_scsi.o(i.USBH_MSC_RequestSense)
    USBH_MSC_TestUnitReady                   0x080067c5   Thumb Code   162  usbh_msc_scsi.o(i.USBH_MSC_TestUnitReady)
    USBH_MSC_Write10                         0x08006875   Thumb Code   218  usbh_msc_scsi.o(i.USBH_MSC_Write10)
    USBH_Modify_Channel                      0x08006959   Thumb Code   112  usbh_hcs.o(i.USBH_Modify_Channel)
    USBH_OTG_ISR_Handler                     0x080069c9   Thumb Code   168  usb_hcd_int.o(i.USBH_OTG_ISR_Handler)
    USBH_Open_Channel                        0x08006a71   Thumb Code   154  usbh_hcs.o(i.USBH_Open_Channel)
    USBH_Process                             0x08006d4d   Thumb Code   438  usbh_core.o(i.USBH_Process)
    USBH_SOF                                 0x08006f45   Thumb Code     6  usbh_core.o(i.USBH_SOF)
    USBH_SetAddress                          0x08006f4b   Thumb Code    38  usbh_stdreq.o(i.USBH_SetAddress)
    USBH_SetCfg                              0x08006f71   Thumb Code    38  usbh_stdreq.o(i.USBH_SetCfg)
    USBH_USR_Configuration_DescAvailable     0x08006fb1   Thumb Code   120  usbh_usr.o(i.USBH_USR_Configuration_DescAvailable)
    USBH_USR_DeInit                          0x0800704d   Thumb Code     8  usbh_usr.o(i.USBH_USR_DeInit)
    USBH_USR_DeviceAddressAssigned           0x08007059   Thumb Code     2  usbh_usr.o(i.USBH_USR_DeviceAddressAssigned)
    USBH_USR_DeviceAttached                  0x0800705d   Thumb Code    24  usbh_usr.o(i.USBH_USR_DeviceAttached)
    USBH_USR_DeviceDisconnected              0x0800707d   Thumb Code    64  usbh_usr.o(i.USBH_USR_DeviceDisconnected)
    USBH_USR_DeviceNotSupported              0x080070f5   Thumb Code    44  usbh_usr.o(i.USBH_USR_DeviceNotSupported)
    USBH_USR_DeviceSpeedDetected             0x08007145   Thumb Code   102  usbh_usr.o(i.USBH_USR_DeviceSpeedDetected)
    USBH_USR_Device_DescAvailable            0x080071c1   Thumb Code    56  usbh_usr.o(i.USBH_USR_Device_DescAvailable)
    USBH_USR_EnumerationDone                 0x08007215   Thumb Code    62  usbh_usr.o(i.USBH_USR_EnumerationDone)
    USBH_USR_Init                            0x080072e9   Thumb Code   102  usbh_usr.o(i.USBH_USR_Init)
    USBH_USR_MSC_Application                 0x08007431   Thumb Code   678  usbh_usr.o(i.USBH_USR_MSC_Application)
    USBH_USR_Manufacturer_String             0x080078d1   Thumb Code    30  usbh_usr.o(i.USBH_USR_Manufacturer_String)
    USBH_USR_OS_DlyTick                      0x08007909   Thumb Code    12  usbh_usr.o(i.USBH_USR_OS_DlyTick)
    USBH_USR_OverCurrentDetected             0x08007915   Thumb Code    44  usbh_usr.o(i.USBH_USR_OverCurrentDetected)
    USBH_USR_Product_String                  0x08007965   Thumb Code    30  usbh_usr.o(i.USBH_USR_Product_String)
    USBH_USR_ResetDevice                     0x08007999   Thumb Code     2  usbh_usr.o(i.USBH_USR_ResetDevice)
    USBH_USR_SerialNum_String                0x0800799d   Thumb Code    30  usbh_usr.o(i.USBH_USR_SerialNum_String)
    USBH_USR_UnrecoveredError                0x080079d5   Thumb Code    44  usbh_usr.o(i.USBH_USR_UnrecoveredError)
    USBH_USR_UserInput                       0x08007a11   Thumb Code    18  usbh_usr.o(i.USBH_USR_UserInput)
    USB_OTG_BSP_ConfigVBUS                   0x08007a25   Thumb Code    62  usb_bsp.o(i.USB_OTG_BSP_ConfigVBUS)
    USB_OTG_BSP_DriveVBUS                    0x08007a69   Thumb Code    28  usb_bsp.o(i.USB_OTG_BSP_DriveVBUS)
    USB_OTG_BSP_EnableInterrupt              0x08007a89   Thumb Code    44  usb_bsp.o(i.USB_OTG_BSP_EnableInterrupt)
    USB_OTG_BSP_Init                         0x08007ab5   Thumb Code   174  usb_bsp.o(i.USB_OTG_BSP_Init)
    USB_OTG_BSP_TimerIRQ                     0x08007ba1   Thumb Code    50  usb_bsp.o(i.USB_OTG_BSP_TimerIRQ)
    USB_OTG_BSP_mDelay                       0x08007bd9   Thumb Code    14  usb_bsp.o(i.USB_OTG_BSP_mDelay)
    USB_OTG_BSP_uDelay                       0x08007be7   Thumb Code    14  usb_bsp.o(i.USB_OTG_BSP_uDelay)
    USB_OTG_CoreInit                         0x08007bf5   Thumb Code   294  usb_core.o(i.USB_OTG_CoreInit)
    USB_OTG_CoreInitHost                     0x08007d1b   Thumb Code   214  usb_core.o(i.USB_OTG_CoreInitHost)
    USB_OTG_DisableGlobalInt                 0x08007e5d   Thumb Code    34  usb_core.o(i.USB_OTG_DisableGlobalInt)
    USB_OTG_DriveVbus                        0x08007e7f   Thumb Code    92  usb_core.o(i.USB_OTG_DriveVbus)
    USB_OTG_EnableGlobalInt                  0x08007f0f   Thumb Code    34  usb_core.o(i.USB_OTG_EnableGlobalInt)
    USB_OTG_EnableHostInt                    0x08007f31   Thumb Code   116  usb_core.o(i.USB_OTG_EnableHostInt)
    USB_OTG_FlushRxFifo                      0x08007fa5   Thumb Code    70  usb_core.o(i.USB_OTG_FlushRxFifo)
    USB_OTG_FlushTxFifo                      0x08007ff1   Thumb Code    80  usb_core.o(i.USB_OTG_FlushTxFifo)
    USB_OTG_GetMode                          0x08008045   Thumb Code    12  usb_core.o(i.USB_OTG_GetMode)
    USB_OTG_HC_DoPing                        0x08008051   Thumb Code    90  usb_core.o(i.USB_OTG_HC_DoPing)
    USB_OTG_HC_Halt                          0x080080ab   Thumb Code   130  usb_core.o(i.USB_OTG_HC_Halt)
    USB_OTG_HC_Init                          0x0800812d   Thumb Code   568  usb_core.o(i.USB_OTG_HC_Init)
    USB_OTG_HC_StartXfer                     0x08008365   Thumb Code   502  usb_core.o(i.USB_OTG_HC_StartXfer)
    USB_OTG_InitFSLSPClkSel                  0x0800855b   Thumb Code    24  usb_core.o(i.USB_OTG_InitFSLSPClkSel)
    USB_OTG_IsEvenFrame                      0x08008573   Thumb Code    16  usb_core.o(i.USB_OTG_IsEvenFrame)
    USB_OTG_IsHostMode                       0x08008583   Thumb Code    20  usb_core.o(i.USB_OTG_IsHostMode)
    USB_OTG_ReadCoreItr                      0x08008597   Thumb Code    16  usb_core.o(i.USB_OTG_ReadCoreItr)
    USB_OTG_ReadHPRT0                        0x080085a7   Thumb Code    48  usb_core.o(i.USB_OTG_ReadHPRT0)
    USB_OTG_ReadHostAllChannels_intr         0x080085d7   Thumb Code     8  usb_core.o(i.USB_OTG_ReadHostAllChannels_intr)
    USB_OTG_ReadPacket                       0x080085df   Thumb Code    40  usb_core.o(i.USB_OTG_ReadPacket)
    USB_OTG_ResetPort                        0x08008607   Thumb Code    64  usb_core.o(i.USB_OTG_ResetPort)
    USB_OTG_SelectCore                       0x08008649   Thumb Code   204  usb_core.o(i.USB_OTG_SelectCore)
    USB_OTG_SetCurrentMode                   0x08008719   Thumb Code    78  usb_core.o(i.USB_OTG_SetCurrentMode)
    USB_OTG_WritePacket                      0x08009541   Thumb Code    64  usb_core.o(i.USB_OTG_WritePacket)
    UsageFault_Handler                       0x08009581   Thumb Code     4  stm32fxxx_it.o(i.UsageFault_Handler)
    __0printf$3                              0x08009585   Thumb Code    22  printf3.o(i.__0printf$3)
    __1printf$3                              0x08009585   Thumb Code     0  printf3.o(i.__0printf$3)
    __2printf                                0x08009585   Thumb Code     0  printf3.o(i.__0printf$3)
    __scatterload_copy                       0x080095a5   Thumb Code    14  handlers.o(i.__scatterload_copy)
    __scatterload_null                       0x080095b3   Thumb Code     2  handlers.o(i.__scatterload_null)
    __scatterload_zeroinit                   0x080095b5   Thumb Code    14  handlers.o(i.__scatterload_zeroinit)
    chk_mounted                              0x08009821   Thumb Code   726  ff.o(i.chk_mounted)
    clust2sect                               0x08009b09   Thumb Code    26  ff.o(i.clust2sect)
    debug                                    0x08009ed1   Thumb Code     4  main.o(i.debug)
    disk_initialize                          0x0800a1d1   Thumb Code    30  usbh_msc_fatfs.o(i.disk_initialize)
    disk_ioctl                               0x0800a1f9   Thumb Code    86  usbh_msc_fatfs.o(i.disk_ioctl)
    disk_read                                0x0800a259   Thumb Code    96  usbh_msc_fatfs.o(i.disk_read)
    disk_status                              0x0800a2c5   Thumb Code    14  usbh_msc_fatfs.o(i.disk_status)
    disk_write                               0x0800a2d9   Thumb Code   110  usbh_msc_fatfs.o(i.disk_write)
    f_close                                  0x0800a355   Thumb Code    22  ff.o(i.f_close)
    f_lseek                                  0x0800a36b   Thumb Code   448  ff.o(i.f_lseek)
    f_mount                                  0x0800a52d   Thumb Code    38  ff.o(i.f_mount)
    f_open                                   0x0800a559   Thumb Code   392  ff.o(i.f_open)
    f_opendir                                0x0800a6e1   Thumb Code   104  ff.o(i.f_opendir)
    f_read                                   0x0800a749   Thumb Code   464  ff.o(i.f_read)
    f_readdir                                0x0800a919   Thumb Code    88  ff.o(i.f_readdir)
    f_sync                                   0x0800a971   Thumb Code   182  ff.o(i.f_sync)
    f_write                                  0x0800aa27   Thumb Code   526  ff.o(i.f_write)
    fputc                                    0x0800acdd   Thumb Code   348  lcd_log.o(i.fputc)
    get_fat                                  0x0800ae69   Thumb Code   274  ff.o(i.get_fat)
    get_fattime                              0x0800af7b   Thumb Code     4  fattime.o(i.get_fattime)
    main                                     0x0800b019   Thumb Code    48  main.o(i.main)
    put_fat                                  0x0800b117   Thumb Code   330  ff.o(i.put_fat)
    time1_callback                           0x0800b393   Thumb Code    14  app_task.o(i.time1_callback)
    time2_callback                           0x0800b3a1   Thumb Code    14  app_task.o(i.time2_callback)
    xPrintfCom1_SysInfo                      0x0800b3d9   Thumb Code    72  xprintf.o(i.xPrintfCom1_SysInfo)
    xPrintfCom2_Init                         0x0800b4f1   Thumb Code   104  xprintf.o(i.xPrintfCom2_Init)
    xUSART2_getchar                          0x0800b55d   Thumb Code    34  xprintf.o(i.xUSART2_getchar)
    xUSART2_putchar                          0x0800b585   Thumb Code    30  xprintf.o(i.xUSART2_putchar)
    xUSART2_putchar_n                        0x0800b5a9   Thumb Code    22  xprintf.o(i.xUSART2_putchar_n)
    xprintf                                  0x0800b5bf   Thumb Code    24  xprintf.o(i.xprintf)
    MSG_HOST_INIT                            0x0800b5d8   Data          28  usbh_usr.o(.constdata)
    MSG_DEV_ATTACHED                         0x0800b5f4   Data          20  usbh_usr.o(.constdata)
    MSG_DEV_DISCONNECTED                     0x0800b608   Data          23  usbh_usr.o(.constdata)
    MSG_DEV_ENUMERATED                       0x0800b61f   Data          26  usbh_usr.o(.constdata)
    MSG_DEV_HIGHSPEED                        0x0800b639   Data          30  usbh_usr.o(.constdata)
    MSG_DEV_FULLSPEED                        0x0800b657   Data          30  usbh_usr.o(.constdata)
    MSG_DEV_LOWSPEED                         0x0800b675   Data          29  usbh_usr.o(.constdata)
    MSG_DEV_ERROR                            0x0800b692   Data          17  usbh_usr.o(.constdata)
    MSG_MSC_CLASS                            0x0800b6a3   Data          33  usbh_usr.o(.constdata)
    MSG_HID_CLASS                            0x0800b6c4   Data          24  usbh_usr.o(.constdata)
    MSG_DISK_SIZE                            0x0800b6dc   Data          32  usbh_usr.o(.constdata)
    MSG_LUN                                  0x0800b6fc   Data          32  usbh_usr.o(.constdata)
    MSG_ROOT_CONT                            0x0800b71c   Data          28  usbh_usr.o(.constdata)
    MSG_WR_PROTECT                           0x0800b738   Data          31  usbh_usr.o(.constdata)
    MSG_UNREC_ERROR                          0x0800b757   Data          27  usbh_usr.o(.constdata)
    MSG_DFU_CLASS                            0x0800b772   Data          24  usbh_usr.o(.constdata)
    GPIO_PIN                                 0x0800b8b0   Data           8  stm322xg_eval.o(.constdata)
    GPIO_CLK                                 0x0800b8b8   Data          16  stm322xg_eval.o(.constdata)
    BUTTON_PIN                               0x0800b8c8   Data           8  stm322xg_eval.o(.constdata)
    BUTTON_CLK                               0x0800b8d0   Data          16  stm322xg_eval.o(.constdata)
    BUTTON_EXTI_LINE                         0x0800b8e0   Data           8  stm322xg_eval.o(.constdata)
    BUTTON_PORT_SOURCE                       0x0800b8e8   Data           4  stm322xg_eval.o(.constdata)
    BUTTON_PIN_SOURCE                        0x0800b8ec   Data           4  stm322xg_eval.o(.constdata)
    BUTTON_IRQn                              0x0800b8f0   Data           4  stm322xg_eval.o(.constdata)
    COM_USART_CLK                            0x0800b8f4   Data           8  stm322xg_eval.o(.constdata)
    COM_TX_PORT_CLK                          0x0800b8fc   Data           8  stm322xg_eval.o(.constdata)
    COM_RX_PORT_CLK                          0x0800b904   Data           8  stm322xg_eval.o(.constdata)
    COM_TX_PIN                               0x0800b90c   Data           4  stm322xg_eval.o(.constdata)
    COM_RX_PIN                               0x0800b910   Data           4  stm322xg_eval.o(.constdata)
    COM_TX_PIN_SOURCE                        0x0800b914   Data           2  stm322xg_eval.o(.constdata)
    COM_RX_PIN_SOURCE                        0x0800b916   Data           2  stm322xg_eval.o(.constdata)
    COM_TX_AF                                0x0800b918   Data           2  stm322xg_eval.o(.constdata)
    COM_RX_AF                                0x0800b91a   Data           2  stm322xg_eval.o(.constdata)
    ASCII16x24_Table                         0x0800b91c   Data        4560  stm322xg_eval_lcd.o(.constdata)
    ASCII12x12_Table                         0x0800caec   Data        2304  stm322xg_eval_lcd.o(.constdata)
    ASCII8x12_Table                          0x0800d3ec   Data        2304  stm322xg_eval_lcd.o(.constdata)
    ASCII8x8_Table                           0x0800dcec   Data        1536  stm322xg_eval_lcd.o(.constdata)
    WelcomeStr                               0x0800e2ec   Data         936  stm322xg_eval_lcd.o(.constdata)
    STM32F2xx_STR                            0x0800e694   Data         341  xprintf.o(.constdata)
    OSUnMapTbl                               0x0800e9a8   Data         256  os_core.o(.constdata)
    Region$$Table$$Base                      0x0800eb30   Number         0  anon$$obj.o(Region$$Table)
    Region$$Table$$Limit                     0x0800eb50   Number         0  anon$$obj.o(Region$$Table)
    BSP_delay                                0x20000000   Data           4  usb_bsp.o(.data)
    HSEStartUpStatus                         0x20000004   Data           1  usb_bsp.o(.data)
    USBH_USR_ApplicationState                0x20000008   Data           1  usbh_usr.o(.data)
    line_idx                                 0x20000009   Data           1  usbh_usr.o(.data)
    USR_cb                                   0x2000000c   Data          72  usbh_usr.o(.data)
    OSSem_USBDly                             0x20000060   Data           4  app_task.o(.data)
    OSSem_UCOMM                              0x20000064   Data           4  app_task.o(.data)
    OSSem_Shell                              0x20000068   Data           4  app_task.o(.data)
    App                                      0x2000006c   Data           2  app_task.o(.data)
    USBH_HCD_INT_cb                          0x20000074   Data          12  usbh_core.o(.data)
    USBH_HCD_INT_fops                        0x20000080   Data           4  usbh_core.o(.data)
    MSCErrorCount                            0x200000a0   Data           1  usbh_msc_core.o(.data)
    USBH_MSC_cb                              0x200000a4   Data          16  usbh_msc_core.o(.data)
    MSC_Setup                                0x200000b6   Data           8  usbh_msc_core.o(.data)
    LCD_LineColor                            0x200000ca   Data           2  lcd_log.o(.data)
    LCD_CacheBuffer_xptr                     0x200000cc   Data           2  lcd_log.o(.data)
    LCD_CacheBuffer_yptr_top                 0x200000ce   Data           2  lcd_log.o(.data)
    LCD_CacheBuffer_yptr_bottom              0x200000d0   Data           2  lcd_log.o(.data)
    LCD_CacheBuffer_yptr_top_bak             0x200000d2   Data           2  lcd_log.o(.data)
    LCD_CacheBuffer_yptr_bottom_bak          0x200000d4   Data           2  lcd_log.o(.data)
    LCD_CacheBuffer_yptr_invert              0x200000d6   Data           1  lcd_log.o(.data)
    LCD_ScrollActive                         0x200000d7   Data           1  lcd_log.o(.data)
    LCD_Lock                                 0x200000d8   Data           1  lcd_log.o(.data)
    LCD_Scrolled                             0x200000d9   Data           1  lcd_log.o(.data)
    LCD_ScrollBackStep                       0x200000da   Data           2  lcd_log.o(.data)
    SystemCoreClock                          0x200000dc   Data           4  system_stm32f2xx.o(.data)
    AHBPrescTable                            0x200000e0   Data          16  system_stm32f2xx.o(.data)
    GPIO_PORT                                0x20000100   Data          16  stm322xg_eval.o(.data)
    BUTTON_PORT                              0x20000110   Data          16  stm322xg_eval.o(.data)
    COM_USART                                0x20000120   Data           8  stm322xg_eval.o(.data)
    COM_TX_PORT                              0x20000128   Data           8  stm322xg_eval.o(.data)
    COM_RX_PORT                              0x20000130   Data           8  stm322xg_eval.o(.data)
    NVIC_InitStructure                       0x20000138   Data           4  stm322xg_eval.o(.data)
    Font16x24                                0x2000013c   Data           8  stm322xg_eval_lcd.o(.data)
    Font12x12                                0x20000144   Data           8  stm322xg_eval_lcd.o(.data)
    Font8x12                                 0x2000014c   Data           8  stm322xg_eval_lcd.o(.data)
    Font8x8                                  0x20000154   Data           8  stm322xg_eval_lcd.o(.data)
    DeviceCode                               0x20000160   Data           2  stm322xg_eval_lcd.o(.data)
    xfunc_out                                0x2000016c   Data           4  xprintf.o(.data)
    xfunc_in                                 0x20000174   Data           4  xprintf.o(.data)
    Fireware                                 0x20000178   Data           4  usbh_dfu_core.o(.data)
    FirewareSize                             0x2000017c   Data           4  usbh_dfu_core.o(.data)
    start_toggle_dfu                         0x20000180   Data           1  usbh_dfu_core.o(.data)
    USBH_DFU_cb                              0x20000184   Data          16  usbh_dfu_core.o(.data)
    DFU_Setup                                0x200001b0   Data           8  usbh_dfu_core.o(.data)
    Dfu_Ack                                  0x200001b8   Data           6  usbh_dfu_core.o(.data)
    Tick                                     0x200001c4   Data           8  rtc.o(.data)
    OSCtxSwCtr                               0x200001d0   Data           4  os_core.o(.data)
    OSEventFreeList                          0x200001d4   Data           4  os_core.o(.data)
    OSCPUUsage                               0x200001d8   Data           1  os_core.o(.data)
    OSIdleCtrMax                             0x200001dc   Data           4  os_core.o(.data)
    OSIdleCtrRun                             0x200001e0   Data           4  os_core.o(.data)
    OSStatRdy                                0x200001e4   Data           1  os_core.o(.data)
    OSIntNesting                             0x200001e5   Data           1  os_core.o(.data)
    OSLockNesting                            0x200001e6   Data           1  os_core.o(.data)
    OSPrioCur                                0x200001e7   Data           1  os_core.o(.data)
    OSPrioHighRdy                            0x200001e8   Data           1  os_core.o(.data)
    OSRdyGrp                                 0x200001e9   Data           1  os_core.o(.data)
    OSRdyTbl                                 0x200001ea   Data           3  os_core.o(.data)
    OSRunning                                0x200001ed   Data           1  os_core.o(.data)
    OSTaskCtr                                0x200001ee   Data           1  os_core.o(.data)
    OSIdleCtr                                0x200001f0   Data           4  os_core.o(.data)
    OSTCBCur                                 0x200001f4   Data           4  os_core.o(.data)
    OSTCBFreeList                            0x200001f8   Data           4  os_core.o(.data)
    OSTCBHighRdy                             0x200001fc   Data           4  os_core.o(.data)
    OSTCBList                                0x20000200   Data           4  os_core.o(.data)
    OSTmrFree                                0x20000204   Data           2  os_core.o(.data)
    OSTmrUsed                                0x20000206   Data           2  os_core.o(.data)
    OSTmrTime                                0x20000208   Data           4  os_core.o(.data)
    OSTmrSem                                 0x2000020c   Data           4  os_core.o(.data)
    OSTmrSemSignal                           0x20000210   Data           4  os_core.o(.data)
    OSTmrFreeList                            0x20000214   Data           4  os_core.o(.data)
    OS_CPU_ExceptStkBase                     0x20000218   Data           4  os_cpu_c.o(.data)
    __stdout                                 0x20000220   Data           4  stdout.o(.data)
    filenameString                           0x20000364   Data          15  usbh_usr.o(.bss)
    fatfs                                    0x20000374   Data         560  usbh_usr.o(.bss)
    file                                     0x200005a4   Data         548  usbh_usr.o(.bss)
    Image_Buf                                0x200007c8   Data         512  usbh_usr.o(.bss)
    TaskStartStk                             0x200009c8   Data         256  app_task.o(.bss)
    Task1_Stk                                0x20000ac8   Data        1024  app_task.o(.bss)
    Task2_Stk                                0x20000ec8   Data        1024  app_task.o(.bss)
    Task3_Stk                                0x200012c8   Data        1024  app_task.o(.bss)
    USB_OTG_Core                             0x200016c8   Data        1452  app_task.o(.bss)
    USB_Host                                 0x20001c74   Data         144  app_task.o(.bss)
    USBH_CfgDesc                             0x20001d04   Data         512  usbh_stdreq.o(.bss)
    USBH_MSC_Param                           0x20001f04   Data          16  usbh_msc_scsi.o(.bss)
    USBH_DataInBuffer                        0x20001f14   Data         512  usbh_msc_scsi.o(.bss)
    USBH_DataOutBuffer                       0x20002114   Data         512  usbh_msc_scsi.o(.bss)
    USBH_MSC_CBWData                         0x20002314   Data          32  usbh_msc_bot.o(.bss)
    USBH_MSC_CSWData                         0x20002334   Data          16  usbh_msc_bot.o(.bss)
    USBH_MSC_BOTXferParam                    0x20002344   Data          16  usbh_msc_bot.o(.bss)
    MSC_Machine                              0x20002354   Data          74  usbh_msc_core.o(.bss)
    LCD_CacheBuffer                          0x2000239e   Data         624  lcd_log.o(.bss)
    DFU_Machine                              0x20002610   Data          84  usbh_dfu_core.o(.bss)
    DFU_Desc                                 0x20002664   Data          10  usbh_dfu_core.o(.bss)
    DFU                                      0x20002670   Data          32  usbh_dfu_core.o(.bss)
    FIFO_Buf                                 0x20002690   Data         176  uart.o(.bss)
    OSEventTbl                               0x20002c94   Data          96  os_core.o(.bss)
    OSTaskStatStk                            0x20002cf4   Data         256  os_core.o(.bss)
    OSTaskIdleStk                            0x20002df4   Data         256  os_core.o(.bss)
    OSTCBPrioTbl                             0x20002ef4   Data          68  os_core.o(.bss)
    OSTCBTbl                                 0x20002f38   Data         440  os_core.o(.bss)
    OSTmrTbl                                 0x200030f0   Data         288  os_core.o(.bss)
    OSTmrTaskStk                             0x20003210   Data         256  os_core.o(.bss)
    OSTmrWheelTbl                            0x20003310   Data          16  os_core.o(.bss)
    OS_CPU_ExceptStk                         0x20003320   Data         512  os_cpu_c.o(.bss)
    __initial_sp                             0x20003920   Data           0  startup_stm32f2xx.o(STACK)



==============================================================================

Memory Map of the image

  Image Entry point : 0x08000185

  Load Region LR_IROM1 (Base: 0x08000000, Size: 0x0000ed74, Max: 0x00100000, ABSOLUTE, COMPRESSED[0x0000ec1c])

    Execution Region ER_IROM1 (Base: 0x08000000, Size: 0x0000eb50, Max: 0x00100000, ABSOLUTE)

    Base Addr    Size         Type   Attr      Idx    E Section Name        Object

    0x08000000   0x00000184   Data   RO         2111    RESET               startup_stm32f2xx.o
    0x08000184   0x00000000   Code   RO         6628  * .ARM.Collect$$$$00000000  mc_w.l(entry.o)
    0x08000184   0x00000004   Code   RO         6916    .ARM.Collect$$$$00000001  mc_w.l(entry2.o)
    0x08000188   0x00000004   Code   RO         6919    .ARM.Collect$$$$00000004  mc_w.l(entry5.o)
    0x0800018c   0x00000000   Code   RO         6921    .ARM.Collect$$$$00000008  mc_w.l(entry7b.o)
    0x0800018c   0x00000000   Code   RO         6923    .ARM.Collect$$$$0000000A  mc_w.l(entry8b.o)
    0x0800018c   0x00000008   Code   RO         6924    .ARM.Collect$$$$0000000B  mc_w.l(entry9a.o)
    0x08000194   0x00000000   Code   RO         6926    .ARM.Collect$$$$0000000D  mc_w.l(entry10a.o)
    0x08000194   0x00000000   Code   RO         6928    .ARM.Collect$$$$0000000F  mc_w.l(entry11a.o)
    0x08000194   0x00000004   Code   RO         6917    .ARM.Collect$$$$00002712  mc_w.l(entry2.o)
    0x08000198   0x00000024   Code   RO         2112    .text               startup_stm32f2xx.o
    0x080001bc   0x000000b0   Code   RO         6625    .text               os_cpu_a.o
    0x0800026c   0x00000024   Code   RO         6631    .text               mc_w.l(memcpya.o)
    0x08000290   0x00000024   Code   RO         6633    .text               mc_w.l(memseta.o)
    0x080002b4   0x00000018   Code   RO         6635    .text               mc_w.l(strcat.o)
    0x080002cc   0x00000024   Code   RO         6637    .text               mc_w.l(strstr.o)
    0x080002f0   0x0000000e   Code   RO         6639    .text               mc_w.l(strlen.o)
    0x080002fe   0x0000001a   Code   RO         6641    .text               mc_w.l(memcmp.o)
    0x08000318   0x00000012   Code   RO         6643    .text               mc_w.l(strcpy.o)
    0x0800032a   0x0000002c   Code   RO         6931    .text               mc_w.l(uidiv.o)
    0x08000356   0x00000002   PAD
    0x08000358   0x00000024   Code   RO         6946    .text               mc_w.l(init.o)
    0x0800037c   0x0000005c   Code   RO         6962    .text               mc_w.l(__dczerorl2.o)
    0x080003d8   0x00000040   Code   RO          672    i.AppTask2_Shell    app_task.o
    0x08000418   0x0000006c   Code   RO          673    i.AppTask3_Debug    app_task.o
    0x08000484   0x000000b8   Code   RO          674    i.AppTaskStart      app_task.o
    0x0800053c   0x00000084   Code   RO          675    i.AppTask_USB       app_task.o
    0x080005c0   0x00000028   Code   RO          676    i.App_TaskIdleHook  app_task.o
    0x080005e8   0x0000002c   Code   RO          256    i.BSP_Delay         usb_bsp.o
    0x08000614   0x0000006a   Code   RO          257    i.BSP_SetTime       usb_bsp.o
    0x0800067e   0x00000004   Code   RO            3    i.BusFault_Handler  stm32fxxx_it.o
    0x08000682   0x00000002   PAD
    0x08000684   0x00000274   Code   RO         5751    i.DPrint            uart.o
    0x080008f8   0x00000002   Code   RO            4    i.DebugMon_Handler  stm32fxxx_it.o
    0x080008fa   0x00000002   PAD
    0x080008fc   0x00000020   Code   RO            5    i.EXTI1_IRQHandler  stm32fxxx_it.o
    0x0800091c   0x0000000c   Code   RO         2334    i.EXTI_ClearITPendingBit  stm32f2xx_exti.o
    0x08000928   0x00000028   Code   RO         2338    i.EXTI_GetITStatus  stm32f2xx_exti.o
    0x08000950   0x00000094   Code   RO         2339    i.EXTI_Init         stm32f2xx_exti.o
    0x080009e4   0x000001ec   Code   RO          485    i.Explore_Disk      usbh_usr.o
    0x08000bd0   0x0000000e   Code   RO         5752    i.FIFO_Empty        uart.o
    0x08000bde   0x00000016   Code   RO         5753    i.FIFO_Init         uart.o
    0x08000bf4   0x00000038   Code   RO         5754    i.FIFO_Read         uart.o
    0x08000c2c   0x0000000e   Code   RO         5755    i.FIFO_Reset        uart.o
    0x08000c3a   0x00000002   PAD
    0x08000c3c   0x000000c8   Code   RO         5756    i.FIFO_SendData     uart.o
    0x08000d04   0x0000003e   Code   RO         5757    i.FIFO_Write        uart.o
    0x08000d42   0x0000000a   Code   RO         5759    i.FILO_Init         uart.o
    0x08000d4c   0x00000012   Code   RO         5760    i.FILO_IsEmpty      uart.o
    0x08000d5e   0x00000016   Code   RO         5761    i.FILO_IsFull       uart.o
    0x08000d74   0x0000000c   Code   RO         5762    i.FILO_Occupy       uart.o
    0x08000d80   0x0000001c   Code   RO         5763    i.FILO_Read         uart.o
    0x08000d9c   0x00000006   Code   RO         5764    i.FILO_Reset        uart.o
    0x08000da2   0x00000006   Code   RO         5765    i.FILO_StartPos     uart.o
    0x08000da8   0x00000020   Code   RO         5766    i.FILO_Write        uart.o
    0x08000dc8   0x00000034   Code   RO         2600    i.FSMC_NORSRAMCmd   stm32f2xx_fsmc.o
    0x08000dfc   0x000000e0   Code   RO         2602    i.FSMC_NORSRAMInit  stm32f2xx_fsmc.o
    0x08000edc   0x00000090   Code   RO         2718    i.GPIO_Init         stm32f2xx_gpio.o
    0x08000f6c   0x00000046   Code   RO         2719    i.GPIO_PinAFConfig  stm32f2xx_gpio.o
    0x08000fb2   0x00000012   Code   RO         2722    i.GPIO_ReadInputDataBit  stm32f2xx_gpio.o
    0x08000fc4   0x00000004   Code   RO         2725    i.GPIO_ResetBits    stm32f2xx_gpio.o
    0x08000fc8   0x00000004   Code   RO         2726    i.GPIO_SetBits      stm32f2xx_gpio.o
    0x08000fcc   0x0000000a   Code   RO         1472    i.HCD_GetCurrentFrame  usb_hcd.o
    0x08000fd6   0x00000014   Code   RO         1473    i.HCD_GetCurrentSpeed  usb_hcd.o
    0x08000fea   0x0000000a   Code   RO         1475    i.HCD_GetURB_State  usb_hcd.o
    0x08000ff4   0x0000000c   Code   RO         1476    i.HCD_GetXferCnt    usb_hcd.o
    0x08001000   0x00000060   Code   RO         1478    i.HCD_Init          usb_hcd.o
    0x08001060   0x00000008   Code   RO         1479    i.HCD_IsDeviceConnected  usb_hcd.o
    0x08001068   0x0000000e   Code   RO         1480    i.HCD_ResetPort     usb_hcd.o
    0x08001076   0x00000020   Code   RO         1481    i.HCD_SubmitRequest  usb_hcd.o
    0x08001096   0x00000004   Code   RO            6    i.HardFault_Handler  stm32fxxx_it.o
    0x0800109a   0x00000002   PAD
    0x0800109c   0x000001b8   Code   RO          486    i.Image_Browser     usbh_usr.o
    0x08001254   0x00000028   Code   RO         5030    i.LCD_Clear         stm322xg_eval_lcd.o
    0x0800127c   0x0000002c   Code   RO         5031    i.LCD_ClearLine     stm322xg_eval_lcd.o
    0x080012a8   0x00000164   Code   RO         5034    i.LCD_CtrlLinesConfig  stm322xg_eval_lcd.o
    0x0800140c   0x00000030   Code   RO         5036    i.LCD_DisplayChar   stm322xg_eval_lcd.o
    0x0800143c   0x00000044   Code   RO         5039    i.LCD_DisplayStringLine  stm322xg_eval_lcd.o
    0x08001480   0x00000034   Code   RO         5040    i.LCD_DisplayWelcomeStr  stm322xg_eval_lcd.o
    0x080014b4   0x000000c8   Code   RO         5041    i.LCD_DrawChar      stm322xg_eval_lcd.o
    0x0800157c   0x00000076   Code   RO         5042    i.LCD_DrawChinaChar  stm322xg_eval_lcd.o
    0x080015f2   0x00000088   Code   RO         5050    i.LCD_FSMCConfig    stm322xg_eval_lcd.o
    0x0800167a   0x00000002   PAD
    0x0800167c   0x0000000c   Code   RO         5053    i.LCD_GetFont       stm322xg_eval_lcd.o
    0x08001688   0x00000028   Code   RO         2049    i.LCD_LOG_ClearTextZone  lcd_log.o
    0x080016b0   0x00000064   Code   RO         2050    i.LCD_LOG_DeInit    lcd_log.o
    0x08001714   0x0000000e   Code   RO         2051    i.LCD_LOG_Init      lcd_log.o
    0x08001722   0x00000064   Code   RO         2052    i.LCD_LOG_SetFooter  lcd_log.o
    0x08001786   0x00000002   PAD
    0x08001788   0x00000104   Code   RO         2053    i.LCD_LOG_SetHeader  lcd_log.o
    0x0800188c   0x000000e4   Code   RO         2054    i.LCD_LOG_UpdateDisplay  lcd_log.o
    0x08001970   0x0000000c   Code   RO         5060    i.LCD_ReadReg       stm322xg_eval_lcd.o
    0x0800197c   0x00000010   Code   RO         5061    i.LCD_SetBackColor  stm322xg_eval_lcd.o
    0x0800198c   0x0000001c   Code   RO         5062    i.LCD_SetColors     stm322xg_eval_lcd.o
    0x080019a8   0x00000064   Code   RO         5063    i.LCD_SetCursor     stm322xg_eval_lcd.o
    0x08001a0c   0x0000000c   Code   RO         5065    i.LCD_SetFont       stm322xg_eval_lcd.o
    0x08001a18   0x00000034   Code   RO         5066    i.LCD_SetPoint      stm322xg_eval_lcd.o
    0x08001a4c   0x00000010   Code   RO         5067    i.LCD_SetTextColor  stm322xg_eval_lcd.o
    0x08001a5c   0x00000008   Code   RO         5070    i.LCD_WriteRAM      stm322xg_eval_lcd.o
    0x08001a64   0x0000000a   Code   RO         5071    i.LCD_WriteRAM_Prepare  stm322xg_eval_lcd.o
    0x08001a6e   0x0000000a   Code   RO         5072    i.LCD_WriteReg      stm322xg_eval_lcd.o
    0x08001a78   0x00000004   Code   RO            7    i.MemManage_Handler  stm32fxxx_it.o
    0x08001a7c   0x00000002   Code   RO            8    i.NMI_Handler       stm32fxxx_it.o
    0x08001a7e   0x00000002   PAD
    0x08001a80   0x00000078   Code   RO          330    i.NVIC_Init         misc.o
    0x08001af8   0x00000014   Code   RO          331    i.NVIC_PriorityGroupConfig  misc.o
    0x08001b0c   0x00000014   Code   RO          332    i.NVIC_SetVectorTable  misc.o
    0x08001b20   0x00000028   Code   RO         6174    i.OSInit            os_core.o
    0x08001b48   0x00000030   Code   RO         6538    i.OSInitHookBegin   os_cpu_c.o
    0x08001b78   0x00000002   Code   RO         6539    i.OSInitHookEnd     os_cpu_c.o
    0x08001b7a   0x00000002   PAD
    0x08001b7c   0x00000024   Code   RO         6175    i.OSIntEnter        os_core.o
    0x08001ba0   0x00000084   Code   RO         6176    i.OSIntExit         os_core.o
    0x08001c24   0x00000040   Code   RO         6177    i.OSSchedLock       os_core.o
    0x08001c64   0x00000060   Code   RO         6178    i.OSSchedUnlock     os_core.o
    0x08001cc4   0x0000004c   Code   RO         6361    i.OSSemCreate       os_sem.o
    0x08001d10   0x000000ec   Code   RO         6362    i.OSSemPend         os_sem.o
    0x08001dfc   0x00000058   Code   RO         6363    i.OSSemPost         os_sem.o
    0x08001e54   0x00000048   Code   RO         6179    i.OSStart           os_core.o
    0x08001e9c   0x0000004c   Code   RO         6180    i.OSStatInit        os_core.o
    0x08001ee8   0x00000002   Code   RO         6540    i.OSTCBInitHook     os_cpu_c.o
    0x08001eea   0x00000002   PAD
    0x08001eec   0x000000a0   Code   RO         6385    i.OSTaskCreate      os_task.o
    0x08001f8c   0x000000b8   Code   RO         6386    i.OSTaskCreateExt   os_task.o
    0x08002044   0x00000002   Code   RO         6541    i.OSTaskCreateHook  os_cpu_c.o
    0x08002046   0x00000002   PAD
    0x08002048   0x0000013c   Code   RO         6387    i.OSTaskDel         os_task.o
    0x08002184   0x00000002   Code   RO         6542    i.OSTaskDelHook     os_cpu_c.o
    0x08002186   0x00000008   Code   RO         6543    i.OSTaskIdleHook    os_cpu_c.o
    0x0800218e   0x00000002   Code   RO         6544    i.OSTaskReturnHook  os_cpu_c.o
    0x08002190   0x00000002   Code   RO         6545    i.OSTaskStatHook    os_cpu_c.o
    0x08002192   0x00000002   PAD
    0x08002194   0x00000088   Code   RO         6389    i.OSTaskStkChk      os_task.o
    0x0800221c   0x0000009c   Code   RO         6546    i.OSTaskStkInit     os_cpu_c.o
    0x080022b8   0x00000002   Code   RO         6547    i.OSTaskSwHook      os_cpu_c.o
    0x080022ba   0x00000002   PAD
    0x080022bc   0x00000060   Code   RO          677    i.OSTick_Init       app_task.o
    0x0800231c   0x00000078   Code   RO         6433    i.OSTimeDly         os_time.o
    0x08002394   0x000000a0   Code   RO         6181    i.OSTimeTick        os_core.o
    0x08002434   0x00000024   Code   RO         6548    i.OSTimeTickHook    os_cpu_c.o
    0x08002458   0x00000060   Code   RO         6445    i.OSTmrCreate       os_tmr.o
    0x080024b8   0x00000014   Code   RO         6448    i.OSTmrSignal       os_tmr.o
    0x080024cc   0x00000084   Code   RO         6449    i.OSTmrStart        os_tmr.o
    0x08002550   0x00000040   Code   RO         6452    i.OSTmr_Alloc       os_tmr.o
    0x08002590   0x000000ac   Code   RO         6454    i.OSTmr_Init        os_tmr.o
    0x0800263c   0x00000034   Code   RO         6455    i.OSTmr_InitTask    os_tmr.o
    0x08002670   0x0000006c   Code   RO         6456    i.OSTmr_Link        os_tmr.o
    0x080026dc   0x00000080   Code   RO         6457    i.OSTmr_Task        os_tmr.o
    0x0800275c   0x00000044   Code   RO         6458    i.OSTmr_Unlink      os_tmr.o
    0x080027a0   0x00000002   Code   RO         6183    i.OS_Dummy          os_core.o
    0x080027a2   0x00000002   PAD
    0x080027a4   0x00000084   Code   RO         6184    i.OS_EventTaskRdy   os_core.o
    0x08002828   0x0000002a   Code   RO         6185    i.OS_EventTaskRemove  os_core.o
    0x08002852   0x00000002   PAD
    0x08002854   0x0000007c   Code   RO         6186    i.OS_EventTaskWait  os_core.o
    0x080028d0   0x0000001c   Code   RO         6187    i.OS_EventWaitListInit  os_core.o
    0x080028ec   0x00000048   Code   RO         6188    i.OS_InitEventList  os_core.o
    0x08002934   0x0000004c   Code   RO         6189    i.OS_InitMisc       os_core.o
    0x08002980   0x00000044   Code   RO         6190    i.OS_InitRdyList    os_core.o
    0x080029c4   0x00000070   Code   RO         6191    i.OS_InitTCBList    os_core.o
    0x08002a34   0x00000034   Code   RO         6192    i.OS_InitTaskIdle   os_core.o
    0x08002a68   0x00000034   Code   RO         6193    i.OS_InitTaskStat   os_core.o
    0x08002a9c   0x00000012   Code   RO         6194    i.OS_MemClr         os_core.o
    0x08002aae   0x00000002   PAD
    0x08002ab0   0x00000068   Code   RO         6196    i.OS_Sched          os_core.o
    0x08002b18   0x0000002c   Code   RO         6197    i.OS_SchedNew       os_core.o
    0x08002b44   0x00000118   Code   RO         6198    i.OS_TCBInit        os_core.o
    0x08002c5c   0x00000028   Code   RO         6199    i.OS_TaskIdle       os_core.o
    0x08002c84   0x00000018   Code   RO         6390    i.OS_TaskReturn     os_task.o
    0x08002c9c   0x000000a8   Code   RO         6200    i.OS_TaskStat       os_core.o
    0x08002d44   0x0000002c   Code   RO         6201    i.OS_TaskStatStkChk  os_core.o
    0x08002d70   0x0000001a   Code   RO         6391    i.OS_TaskStkClr     os_task.o
    0x08002d8a   0x00000002   PAD
    0x08002d8c   0x00000010   Code   RO            9    i.OTG_FS_IRQHandler  stm32fxxx_it.o
    0x08002d9c   0x00000020   Code   RO         3107    i.RCC_AHB1PeriphClockCmd  stm32f2xx_rcc.o
    0x08002dbc   0x00000020   Code   RO         3110    i.RCC_AHB2PeriphClockCmd  stm32f2xx_rcc.o
    0x08002ddc   0x00000020   Code   RO         3113    i.RCC_AHB3PeriphClockCmd  stm32f2xx_rcc.o
    0x08002dfc   0x00000020   Code   RO         3116    i.RCC_APB1PeriphClockCmd  stm32f2xx_rcc.o
    0x08002e1c   0x00000020   Code   RO         3119    i.RCC_APB2PeriphClockCmd  stm32f2xx_rcc.o
    0x08002e3c   0x000000e8   Code   RO         3128    i.RCC_GetClocksFreq  stm32f2xx_rcc.o
    0x08002f24   0x0000001a   Code   RO         6015    i.RTC_DelayXms      rtc.o
    0x08002f3e   0x00000002   PAD
    0x08002f40   0x00000018   Code   RO         6016    i.RTC_SysTickCount  rtc.o
    0x08002f58   0x0000001c   Code   RO         6018    i.RTC_SysTickIsReady  rtc.o
    0x08002f74   0x00000010   Code   RO         6019    i.RTC_SysTickOffSet  rtc.o
    0x08002f84   0x00000018   Code   RO         6020    i.RTC_SysTickOffSet_Update  rtc.o
    0x08002f9c   0x00000078   Code   RO         5958    i.Radix_DecToAscii  lib.o
    0x08003014   0x0000001a   Code   RO         5960    i.Radix_HexToChar   lib.o
    0x0800302e   0x00000022   Code   RO         5961    i.Radix_UpCaseChar  lib.o
    0x08003050   0x00000168   Code   RO         6071    i.SHELL_Commad      shell.o
    0x080031b8   0x0000002c   Code   RO         6072    i.SHELL_KeyLocation  shell.o
    0x080031e4   0x0000003c   Code   RO         6073    i.SHELL_Monitor     shell.o
    0x08003220   0x0000007c   Code   RO         6074    i.SHELL_Paramcheck  shell.o
    0x0800329c   0x00000124   Code   RO         6075    i.SHELL_ParseCommandParam  shell.o
    0x080033c0   0x00000010   Code   RO         6076    i.SHELL_Reset       shell.o
    0x080033d0   0x000000e0   Code   RO         6077    i.SHELL_TestProcess  shell.o
    0x080034b0   0x0000007c   Code   RO         6078    i.SHELL_init        shell.o
    0x0800352c   0x0000072c   Code   RO         5074    i.STM322xG_LCD_Init  stm322xg_eval_lcd.o
    0x08003c58   0x000000ec   Code   RO         4712    i.STM_EVAL_COMInit  stm322xg_eval.o
    0x08003d44   0x0000004c   Code   RO         4713    i.STM_EVAL_LEDInit  stm322xg_eval.o
    0x08003d90   0x00000024   Code   RO         4716    i.STM_EVAL_LEDToggle  stm322xg_eval.o
    0x08003db4   0x00000020   Code   RO         4717    i.STM_EVAL_PBGetState  stm322xg_eval.o
    0x08003dd4   0x000000a8   Code   RO         4718    i.STM_EVAL_PBInit   stm322xg_eval.o
    0x08003e7c   0x00000002   Code   RO           10    i.SVC_Handler       stm32fxxx_it.o
    0x08003e7e   0x00000002   PAD
    0x08003e80   0x00000040   Code   RO         2158    i.SYSCFG_EXTILineConfig  stm32f2xx_syscfg.o
    0x08003ec0   0x000000cc   Code   RO         2118    i.SetSysClock       system_stm32f2xx.o
    0x08003f8c   0x000002a0   Code   RO          487    i.Show_Image        usbh_usr.o
    0x0800422c   0x00000014   Code   RO           11    i.SysTick_Handler   stm32fxxx_it.o
    0x08004240   0x000000c0   Code   RO         2119    i.SystemCoreClockUpdate  system_stm32f2xx.o
    0x08004300   0x0000005c   Code   RO         2120    i.SystemInit        system_stm32f2xx.o
    0x0800435c   0x00000008   Code   RO           12    i.TIM2_IRQHandler   stm32fxxx_it.o
    0x08004364   0x00000018   Code   RO         3737    i.TIM_ARRPreloadConfig  stm32f2xx_tim.o
    0x0800437c   0x00000006   Code   RO         3744    i.TIM_ClearITPendingBit  stm32f2xx_tim.o
    0x08004382   0x00000018   Code   RO         3749    i.TIM_Cmd           stm32f2xx_tim.o
    0x0800439a   0x00000022   Code   RO         3770    i.TIM_GetITStatus   stm32f2xx_tim.o
    0x080043bc   0x00000012   Code   RO         3774    i.TIM_ITConfig      stm32f2xx_tim.o
    0x080043ce   0x00000002   PAD
    0x080043d0   0x00000084   Code   RO         3821    i.TIM_TimeBaseInit  stm32f2xx_tim.o
    0x08004454   0x00000038   Code   RO          488    i.Toggle_Leds       usbh_usr.o
    0x0800448c   0x0000008c   Code   RO         5767    i.USART1_IRQHandler  uart.o
    0x08004518   0x00000090   Code   RO         5768    i.USART2_IRQHandler  uart.o
    0x080045a8   0x00000094   Code   RO         5769    i.USART3_IRQHandler  uart.o
    0x0800463c   0x00000018   Code   RO         3549    i.USART_Cmd         stm32f2xx_usart.o
    0x08004654   0x0000001a   Code   RO         3552    i.USART_GetFlagStatus  stm32f2xx_usart.o
    0x0800466e   0x0000004a   Code   RO         3555    i.USART_ITConfig    stm32f2xx_usart.o
    0x080046b8   0x000000d4   Code   RO         3556    i.USART_Init        stm32f2xx_usart.o
    0x0800478c   0x00000008   Code   RO         3566    i.USART_SendData    stm32f2xx_usart.o
    0x08004794   0x00000018   Code   RO         5771    i.USART_TX_Empty    uart.o
    0x080047ac   0x000000c8   Code   RO         5772    i.USART_main        uart.o
    0x08004874   0x00000064   Code   RO         5773    i.USART_print_byte  uart.o
    0x080048d8   0x00000030   Code   RO         5774    i.USART_print_bytehex  uart.o
    0x08004908   0x00000024   Code   RO         5775    i.USART_print_mem   uart.o
    0x0800492c   0x0000001e   Code   RO         5776    i.USART_print_memhex  uart.o
    0x0800494a   0x00000034   Code   RO         5777    i.USART_print_string  uart.o
    0x0800497e   0x00000002   PAD
    0x08004980   0x00000020   Code   RO         5778    i.USART_read        uart.o
    0x080049a0   0x00000028   Code   RO         5779    i.USART_received    uart.o
    0x080049c8   0x00000026   Code   RO         5780    i.USART_sprint_byte  uart.o
    0x080049ee   0x00000026   Code   RO         1076    i.USBH_Alloc_Channel  usbh_hcs.o
    0x08004a14   0x00000060   Code   RO         1125    i.USBH_BulkReceiveData  usbh_ioreq.o
    0x08004a74   0x0000005e   Code   RO         1126    i.USBH_BulkSendData  usbh_ioreq.o
    0x08004ad2   0x0000004c   Code   RO          883    i.USBH_ClrFeature   usbh_stdreq.o
    0x08004b1e   0x0000000c   Code   RO          988    i.USBH_Connected    usbh_core.o
    0x08004b2a   0x00000046   Code   RO         1127    i.USBH_CtlReceiveData  usbh_ioreq.o
    0x08004b70   0x00000070   Code   RO         1128    i.USBH_CtlReq       usbh_ioreq.o
    0x08004be0   0x0000006e   Code   RO         1129    i.USBH_CtlSendData  usbh_ioreq.o
    0x08004c4e   0x00000042   Code   RO         1130    i.USBH_CtlSendSetup  usbh_ioreq.o
    0x08004c90   0x0000006e   Code   RO         1131    i.USBH_DFUSendData  usbh_ioreq.o
    0x08004cfe   0x00000046   Code   RO         1132    i.USBH_DFUSendSetup  usbh_ioreq.o
    0x08004d44   0x0000000c   Code   RO         5654    i.USBH_DFU_ClassRequest  usbh_dfu_core.o
    0x08004d50   0x000000e0   Code   RO         5655    i.USBH_DFU_DownBin  usbh_dfu_core.o
    0x08004e30   0x0000000a   Code   RO         5656    i.USBH_DFU_Handle   usbh_dfu_core.o
    0x08004e3a   0x00000002   Code   RO         5657    i.USBH_DFU_InterfaceDeInit  usbh_dfu_core.o
    0x08004e3c   0x000004f4   Code   RO         5658    i.USBH_DFU_InterfaceInit  usbh_dfu_core.o
    0x08005330   0x00000068   Code   RO         5659    i.USBH_DFU_IsDelay  usbh_dfu_core.o
    0x08005398   0x0000000a   Code   RO         5660    i.USBH_DFU_Parse_ACK  usbh_dfu_core.o
    0x080053a2   0x0000002e   Code   RO         5661    i.USBH_DFU_RxPara   usbh_dfu_core.o
    0x080053d0   0x0000000c   Code   RO         5662    i.USBH_DFU_SetDelay  usbh_dfu_core.o
    0x080053dc   0x0000002e   Code   RO         5663    i.USBH_DFU_TxPara   usbh_dfu_core.o
    0x0800540a   0x0000001c   Code   RO         1077    i.USBH_DeAllocate_AllChannel  usbh_hcs.o
    0x08005426   0x0000003a   Code   RO          989    i.USBH_DeInit       usbh_core.o
    0x08005460   0x0000000c   Code   RO          990    i.USBH_Disconnected  usbh_core.o
    0x0800546c   0x0000002e   Code   RO          991    i.USBH_ErrorHandle  usbh_core.o
    0x0800549a   0x0000001e   Code   RO         1078    i.USBH_Free_Channel  usbh_hcs.o
    0x080054b8   0x00000044   Code   RO          884    i.USBH_GetDescriptor  usbh_stdreq.o
    0x080054fc   0x00000028   Code   RO         1079    i.USBH_GetFreeChannel  usbh_hcs.o
    0x08005524   0x00000012   Code   RO          885    i.USBH_GetNextDesc  usbh_stdreq.o
    0x08005536   0x00000002   PAD
    0x08005538   0x00000064   Code   RO          886    i.USBH_Get_CfgDesc  usbh_stdreq.o
    0x0800559c   0x00000038   Code   RO          887    i.USBH_Get_DevDesc  usbh_stdreq.o
    0x080055d4   0x0000003c   Code   RO          888    i.USBH_Get_StringDesc  usbh_stdreq.o
    0x08005610   0x00000224   Code   RO          992    i.USBH_HandleControl  usbh_core.o
    0x08005834   0x000003dc   Code   RO          993    i.USBH_HandleEnum   usbh_core.o
    0x08005c10   0x00000046   Code   RO          994    i.USBH_Init         usbh_core.o
    0x08005c56   0x00000024   Code   RO         1648    i.USBH_MSC_BOTReset  usbh_msc_core.o
    0x08005c7a   0x00000002   PAD
    0x08005c7c   0x00000060   Code   RO         1603    i.USBH_MSC_BOT_Abort  usbh_msc_bot.o
    0x08005cdc   0x00000014   Code   RO         1649    i.USBH_MSC_ClassRequest  usbh_msc_core.o
    0x08005cf0   0x00000080   Code   RO         1604    i.USBH_MSC_DecodeCSW  usbh_msc_bot.o
    0x08005d70   0x00000044   Code   RO         1650    i.USBH_MSC_ErrorHandle  usbh_msc_core.o
    0x08005db4   0x0000002c   Code   RO         1651    i.USBH_MSC_GETMaxLUN  usbh_msc_core.o
    0x08005de0   0x000001a8   Code   RO         1652    i.USBH_MSC_Handle   usbh_msc_core.o
    0x08005f88   0x00000350   Code   RO         1605    i.USBH_MSC_HandleBOTXfer  usbh_msc_bot.o
    0x080062d8   0x00000044   Code   RO         1606    i.USBH_MSC_Init     usbh_msc_bot.o
    0x0800631c   0x0000004c   Code   RO         1653    i.USBH_MSC_InterfaceDeInit  usbh_msc_core.o
    0x08006368   0x000000d0   Code   RO         1654    i.USBH_MSC_InterfaceInit  usbh_msc_core.o
    0x08006438   0x000000d0   Code   RO         1546    i.USBH_MSC_ModeSense6  usbh_msc_scsi.o
    0x08006508   0x00000100   Code   RO         1547    i.USBH_MSC_Read10   usbh_msc_scsi.o
    0x08006608   0x000000dc   Code   RO         1548    i.USBH_MSC_ReadCapacity10  usbh_msc_scsi.o
    0x080066e4   0x000000e0   Code   RO         1549    i.USBH_MSC_RequestSense  usbh_msc_scsi.o
    0x080067c4   0x000000b0   Code   RO         1550    i.USBH_MSC_TestUnitReady  usbh_msc_scsi.o
    0x08006874   0x000000e4   Code   RO         1551    i.USBH_MSC_Write10  usbh_msc_scsi.o
    0x08006958   0x00000070   Code   RO         1080    i.USBH_Modify_Channel  usbh_hcs.o
    0x080069c8   0x000000a8   Code   RO         1216    i.USBH_OTG_ISR_Handler  usb_hcd_int.o
    0x08006a70   0x0000009a   Code   RO         1081    i.USBH_Open_Channel  usbh_hcs.o
    0x08006b0a   0x00000002   PAD
    0x08006b0c   0x00000144   Code   RO          889    i.USBH_ParseCfgDesc  usbh_stdreq.o
    0x08006c50   0x00000058   Code   RO          890    i.USBH_ParseDevDesc  usbh_stdreq.o
    0x08006ca8   0x00000026   Code   RO          891    i.USBH_ParseDfuDesc  usbh_stdreq.o
    0x08006cce   0x00000020   Code   RO          892    i.USBH_ParseEPDesc  usbh_stdreq.o
    0x08006cee   0x00000026   Code   RO          893    i.USBH_ParseInterfaceDesc  usbh_stdreq.o
    0x08006d14   0x00000036   Code   RO          894    i.USBH_ParseStringDesc  usbh_stdreq.o
    0x08006d4a   0x00000002   PAD
    0x08006d4c   0x000001f8   Code   RO          995    i.USBH_Process      usbh_core.o
    0x08006f44   0x00000006   Code   RO          996    i.USBH_SOF          usbh_core.o
    0x08006f4a   0x00000026   Code   RO          895    i.USBH_SetAddress   usbh_stdreq.o
    0x08006f70   0x00000026   Code   RO          896    i.USBH_SetCfg       usbh_stdreq.o
    0x08006f96   0x00000018   Code   RO         1137    i.USBH_SubmitSetupRequest  usbh_ioreq.o
    0x08006fae   0x00000002   PAD
    0x08006fb0   0x0000009c   Code   RO          489    i.USBH_USR_Configuration_DescAvailable  usbh_usr.o
    0x0800704c   0x0000000c   Code   RO          490    i.USBH_USR_DeInit   usbh_usr.o
    0x08007058   0x00000002   Code   RO          491    i.USBH_USR_DeviceAddressAssigned  usbh_usr.o
    0x0800705a   0x00000002   PAD
    0x0800705c   0x00000020   Code   RO          492    i.USBH_USR_DeviceAttached  usbh_usr.o
    0x0800707c   0x00000078   Code   RO          493    i.USBH_USR_DeviceDisconnected  usbh_usr.o
    0x080070f4   0x00000050   Code   RO          494    i.USBH_USR_DeviceNotSupported  usbh_usr.o
    0x08007144   0x0000007c   Code   RO          495    i.USBH_USR_DeviceSpeedDetected  usbh_usr.o
    0x080071c0   0x00000054   Code   RO          496    i.USBH_USR_Device_DescAvailable  usbh_usr.o
    0x08007214   0x000000d4   Code   RO          497    i.USBH_USR_EnumerationDone  usbh_usr.o
    0x080072e8   0x00000148   Code   RO          498    i.USBH_USR_Init     usbh_usr.o
    0x08007430   0x000004a0   Code   RO          499    i.USBH_USR_MSC_Application  usbh_usr.o
    0x080078d0   0x00000038   Code   RO          500    i.USBH_USR_Manufacturer_String  usbh_usr.o
    0x08007908   0x0000000c   Code   RO          501    i.USBH_USR_OS_DlyTick  usbh_usr.o
    0x08007914   0x00000050   Code   RO          502    i.USBH_USR_OverCurrentDetected  usbh_usr.o
    0x08007964   0x00000034   Code   RO          503    i.USBH_USR_Product_String  usbh_usr.o
    0x08007998   0x00000002   Code   RO          504    i.USBH_USR_ResetDevice  usbh_usr.o
    0x0800799a   0x00000002   PAD
    0x0800799c   0x00000038   Code   RO          505    i.USBH_USR_SerialNum_String  usbh_usr.o
    0x080079d4   0x0000003c   Code   RO          506    i.USBH_USR_UnrecoveredError  usbh_usr.o
    0x08007a10   0x00000012   Code   RO          507    i.USBH_USR_UserInput  usbh_usr.o
    0x08007a22   0x00000002   PAD
    0x08007a24   0x00000044   Code   RO          258    i.USB_OTG_BSP_ConfigVBUS  usb_bsp.o
    0x08007a68   0x00000020   Code   RO          259    i.USB_OTG_BSP_DriveVBUS  usb_bsp.o
    0x08007a88   0x0000002c   Code   RO          260    i.USB_OTG_BSP_EnableInterrupt  usb_bsp.o
    0x08007ab4   0x000000b4   Code   RO          261    i.USB_OTG_BSP_Init  usb_bsp.o
    0x08007b68   0x00000038   Code   RO          262    i.USB_OTG_BSP_TimeInit  usb_bsp.o
    0x08007ba0   0x00000038   Code   RO          263    i.USB_OTG_BSP_TimerIRQ  usb_bsp.o
    0x08007bd8   0x0000000e   Code   RO          264    i.USB_OTG_BSP_mDelay  usb_bsp.o
    0x08007be6   0x0000000e   Code   RO          265    i.USB_OTG_BSP_uDelay  usb_bsp.o
    0x08007bf4   0x00000126   Code   RO         1286    i.USB_OTG_CoreInit  usb_core.o
    0x08007d1a   0x000000d6   Code   RO         1287    i.USB_OTG_CoreInitHost  usb_core.o
    0x08007df0   0x0000006c   Code   RO         1288    i.USB_OTG_CoreReset  usb_core.o
    0x08007e5c   0x00000022   Code   RO         1289    i.USB_OTG_DisableGlobalInt  usb_core.o
    0x08007e7e   0x0000005c   Code   RO         1290    i.USB_OTG_DriveVbus  usb_core.o
    0x08007eda   0x00000034   Code   RO         1291    i.USB_OTG_EnableCommonInt  usb_core.o
    0x08007f0e   0x00000022   Code   RO         1292    i.USB_OTG_EnableGlobalInt  usb_core.o
    0x08007f30   0x00000074   Code   RO         1293    i.USB_OTG_EnableHostInt  usb_core.o
    0x08007fa4   0x0000004c   Code   RO         1294    i.USB_OTG_FlushRxFifo  usb_core.o
    0x08007ff0   0x00000054   Code   RO         1295    i.USB_OTG_FlushTxFifo  usb_core.o
    0x08008044   0x0000000c   Code   RO         1296    i.USB_OTG_GetMode   usb_core.o
    0x08008050   0x0000005a   Code   RO         1297    i.USB_OTG_HC_DoPing  usb_core.o
    0x080080aa   0x00000082   Code   RO         1298    i.USB_OTG_HC_Halt   usb_core.o
    0x0800812c   0x00000238   Code   RO         1299    i.USB_OTG_HC_Init   usb_core.o
    0x08008364   0x000001f6   Code   RO         1300    i.USB_OTG_HC_StartXfer  usb_core.o
    0x0800855a   0x00000018   Code   RO         1301    i.USB_OTG_InitFSLSPClkSel  usb_core.o
    0x08008572   0x00000010   Code   RO         1303    i.USB_OTG_IsEvenFrame  usb_core.o
    0x08008582   0x00000014   Code   RO         1304    i.USB_OTG_IsHostMode  usb_core.o
    0x08008596   0x00000010   Code   RO         1305    i.USB_OTG_ReadCoreItr  usb_core.o
    0x080085a6   0x00000030   Code   RO         1306    i.USB_OTG_ReadHPRT0  usb_core.o
    0x080085d6   0x00000008   Code   RO         1307    i.USB_OTG_ReadHostAllChannels_intr  usb_core.o
    0x080085de   0x00000028   Code   RO         1309    i.USB_OTG_ReadPacket  usb_core.o
    0x08008606   0x00000040   Code   RO         1310    i.USB_OTG_ResetPort  usb_core.o
    0x08008646   0x00000002   PAD
    0x08008648   0x000000d0   Code   RO         1311    i.USB_OTG_SelectCore  usb_core.o
    0x08008718   0x0000004e   Code   RO         1312    i.USB_OTG_SetCurrentMode  usb_core.o
    0x08008766   0x00000002   PAD
    0x08008768   0x0000002c   Code   RO         1217    i.USB_OTG_USBH_handle_Disconnect_ISR  usb_hcd_int.o
    0x08008794   0x00000046   Code   RO         1218    i.USB_OTG_USBH_handle_IncompletePeriodicXfer_ISR  usb_hcd_int.o
    0x080087da   0x00000056   Code   RO         1219    i.USB_OTG_USBH_handle_hc_ISR  usb_hcd_int.o
    0x08008830   0x00000428   Code   RO         1220    i.USB_OTG_USBH_handle_hc_n_In_ISR  usb_hcd_int.o
    0x08008c58   0x000003da   Code   RO         1221    i.USB_OTG_USBH_handle_hc_n_Out_ISR  usb_hcd_int.o
    0x08009032   0x0000012e   Code   RO         1222    i.USB_OTG_USBH_handle_nptxfempty_ISR  usb_hcd_int.o
    0x08009160   0x00000120   Code   RO         1223    i.USB_OTG_USBH_handle_port_ISR  usb_hcd_int.o
    0x08009280   0x0000012e   Code   RO         1224    i.USB_OTG_USBH_handle_ptxfempty_ISR  usb_hcd_int.o
    0x080093ae   0x00000164   Code   RO         1225    i.USB_OTG_USBH_handle_rx_qlvl_ISR  usb_hcd_int.o
    0x08009512   0x00000002   PAD
    0x08009514   0x0000002c   Code   RO         1226    i.USB_OTG_USBH_handle_sof_ISR  usb_hcd_int.o
    0x08009540   0x00000040   Code   RO         1314    i.USB_OTG_WritePacket  usb_core.o
    0x08009580   0x00000004   Code   RO           13    i.UsageFault_Handler  stm32fxxx_it.o
    0x08009584   0x00000020   Code   RO         6736    i.__0printf$3       mc_w.l(printf3.o)
    0x080095a4   0x0000000e   Code   RO         6956    i.__scatterload_copy  mc_w.l(handlers.o)
    0x080095b2   0x00000002   Code   RO         6957    i.__scatterload_null  mc_w.l(handlers.o)
    0x080095b4   0x0000000e   Code   RO         6958    i.__scatterload_zeroinit  mc_w.l(handlers.o)
    0x080095c2   0x00000002   PAD
    0x080095c4   0x000001b8   Code   RO         6743    i._printf_core      mc_w.l(printf3.o)
    0x0800977c   0x00000090   Code   RO         1755    i.check_fs          ff.o
    0x0800980c   0x00000014   Code   RO         1756    i.chk_chr           ff.o
    0x08009820   0x000002e8   Code   RO         1757    i.chk_mounted       ff.o
    0x08009b08   0x0000001a   Code   RO         1758    i.clust2sect        ff.o
    0x08009b22   0x00000002   PAD
    0x08009b24   0x0000001c   Code   RO         6079    i.cmd_CLS           shell.o
    0x08009b40   0x0000008c   Code   RO         6081    i.cmd_Help          shell.o
    0x08009bcc   0x0000007c   Code   RO         6082    i.cmd_Reset         shell.o
    0x08009c48   0x0000002c   Code   RO         6084    i.cmd_Test          shell.o
    0x08009c74   0x0000009c   Code   RO         6085    i.cmd_Test2         shell.o
    0x08009d10   0x000000b6   Code   RO         1759    i.create_chain      ff.o
    0x08009dc6   0x00000002   PAD
    0x08009dc8   0x00000108   Code   RO         1760    i.create_name       ff.o
    0x08009ed0   0x00000004   Code   RO          375    i.debug             main.o
    0x08009ed4   0x00000024   Code   RO         5075    i.delay             stm322xg_eval_lcd.o
    0x08009ef8   0x0000005c   Code   RO         1761    i.dir_find          ff.o
    0x08009f54   0x00000112   Code   RO         1762    i.dir_next          ff.o
    0x0800a066   0x00000056   Code   RO         1763    i.dir_read          ff.o
    0x0800a0bc   0x00000078   Code   RO         1764    i.dir_register      ff.o
    0x0800a134   0x0000009c   Code   RO         1766    i.dir_seek          ff.o
    0x0800a1d0   0x00000028   Code   RO         1705    i.disk_initialize   usbh_msc_fatfs.o
    0x0800a1f8   0x00000060   Code   RO         1706    i.disk_ioctl        usbh_msc_fatfs.o
    0x0800a258   0x0000006c   Code   RO         1707    i.disk_read         usbh_msc_fatfs.o
    0x0800a2c4   0x00000014   Code   RO         1708    i.disk_status       usbh_msc_fatfs.o
    0x0800a2d8   0x0000007c   Code   RO         1709    i.disk_write        usbh_msc_fatfs.o
    0x0800a354   0x00000016   Code   RO         1768    i.f_close           ff.o
    0x0800a36a   0x000001c0   Code   RO         1771    i.f_lseek           ff.o
    0x0800a52a   0x00000002   PAD
    0x0800a52c   0x0000002c   Code   RO         1774    i.f_mount           ff.o
    0x0800a558   0x00000188   Code   RO         1775    i.f_open            ff.o
    0x0800a6e0   0x00000068   Code   RO         1776    i.f_opendir         ff.o
    0x0800a748   0x000001d0   Code   RO         1780    i.f_read            ff.o
    0x0800a918   0x00000058   Code   RO         1781    i.f_readdir         ff.o
    0x0800a970   0x000000b6   Code   RO         1784    i.f_sync            ff.o
    0x0800aa26   0x0000020e   Code   RO         1788    i.f_write           ff.o
    0x0800ac34   0x000000a6   Code   RO         1789    i.follow_path       ff.o
    0x0800acda   0x00000002   PAD
    0x0800acdc   0x0000018c   Code   RO         2055    i.fputc             lcd_log.o
    0x0800ae68   0x00000112   Code   RO         1790    i.get_fat           ff.o
    0x0800af7a   0x00000004   Code   RO         2026    i.get_fattime       fattime.o
    0x0800af7e   0x00000098   Code   RO         1791    i.get_fileinfo      ff.o
    0x0800b016   0x00000002   PAD
    0x0800b018   0x00000038   Code   RO          376    i.main              main.o
    0x0800b050   0x00000026   Code   RO         1792    i.mem_cmp           ff.o
    0x0800b076   0x0000001a   Code   RO         1793    i.mem_cpy           ff.o
    0x0800b090   0x00000014   Code   RO         1794    i.mem_set           ff.o
    0x0800b0a4   0x00000072   Code   RO         1795    i.move_window       ff.o
    0x0800b116   0x0000014a   Code   RO         1796    i.put_fat           ff.o
    0x0800b260   0x00000068   Code   RO         1797    i.remove_chain      ff.o
    0x0800b2c8   0x000000ca   Code   RO         1798    i.sync              ff.o
    0x0800b392   0x0000000e   Code   RO          678    i.time1_callback    app_task.o
    0x0800b3a0   0x0000000e   Code   RO          679    i.time2_callback    app_task.o
    0x0800b3ae   0x0000002a   Code   RO         1799    i.validate          ff.o
    0x0800b3d8   0x00000118   Code   RO         5329    i.xPrintfCom1_SysInfo  xprintf.o
    0x0800b4f0   0x0000006c   Code   RO         5330    i.xPrintfCom2_Init  xprintf.o
    0x0800b55c   0x00000028   Code   RO         5336    i.xUSART2_getchar   xprintf.o
    0x0800b584   0x00000024   Code   RO         5337    i.xUSART2_putchar   xprintf.o
    0x0800b5a8   0x00000016   Code   RO         5338    i.xUSART2_putchar_n  xprintf.o
    0x0800b5be   0x00000018   Code   RO         5345    i.xprintf           xprintf.o
    0x0800b5d6   0x00000002   PAD
    0x0800b5d8   0x00000211   Data   RO          509    .constdata          usbh_usr.o
    0x0800b7e9   0x00000003   PAD
    0x0800b7ec   0x000000c2   Data   RO         1800    .constdata          ff.o
    0x0800b8ae   0x00000002   PAD
    0x0800b8b0   0x0000006c   Data   RO         4723    .constdata          stm322xg_eval.o
    0x0800b91c   0x00002d78   Data   RO         5076    .constdata          stm322xg_eval_lcd.o
    0x0800e694   0x00000228   Data   RO         5350    .constdata          xprintf.o
    0x0800e8bc   0x0000009c   Data   RO         5669    .constdata          usbh_dfu_core.o
    0x0800e958   0x00000050   Data   RO         6087    .constdata          shell.o
    0x0800e9a8   0x00000100   Data   RO         6203    .constdata          os_core.o
    0x0800eaa8   0x00000087   Data   RO         6088    .conststring        shell.o
    0x0800eb2f   0x00000001   PAD
    0x0800eb30   0x00000020   Data   RO         6954    Region$$Table       anon$$obj.o


    Execution Region RW_IRAM1 (Base: 0x20000000, Size: 0x00003920, Max: 0x00020000, ABSOLUTE, COMPRESSED[0x000000cc])

    Base Addr    Size         Type   Attr      Idx    E Section Name        Object

    0x20000000   0x00000005   Data   RW          266    .data               usb_bsp.o
    0x20000005   0x00000003   PAD
    0x20000008   0x00000054   Data   RW          510    .data               usbh_usr.o
    0x2000005c   0x00000012   Data   RW          681    .data               app_task.o
    0x2000006e   0x00000003   Data   RW          899    .data               usbh_stdreq.o
    0x20000071   0x00000003   PAD
    0x20000074   0x00000014   Data   RW          997    .data               usbh_core.o
    0x20000088   0x00000001   Data   RW         1553    .data               usbh_msc_scsi.o
    0x20000089   0x00000003   PAD
    0x2000008c   0x00000014   Data   RW         1608    .data               usbh_msc_bot.o
    0x200000a0   0x0000001e   Data   RW         1656    .data               usbh_msc_core.o
    0x200000be   0x00000001   Data   RW         1710    .data               usbh_msc_fatfs.o
    0x200000bf   0x00000001   PAD
    0x200000c0   0x0000000a   Data   RW         1801    .data               ff.o
    0x200000ca   0x00000012   Data   RW         2057    .data               lcd_log.o
    0x200000dc   0x00000014   Data   RW         2121    .data               system_stm32f2xx.o
    0x200000f0   0x00000010   Data   RW         3151    .data               stm32f2xx_rcc.o
    0x20000100   0x0000003c   Data   RW         4724    .data               stm322xg_eval.o
    0x2000013c   0x0000002c   Data   RW         5077    .data               stm322xg_eval_lcd.o
    0x20000168   0x00000010   Data   RW         5351    .data               xprintf.o
    0x20000178   0x00000046   Data   RW         5670    .data               usbh_dfu_core.o
    0x200001be   0x00000006   Data   RW         5782    .data               uart.o
    0x200001c4   0x00000008   Data   RW         6021    .data               rtc.o
    0x200001cc   0x00000004   Data   RW         6089    .data               shell.o
    0x200001d0   0x00000048   Data   RW         6204    .data               os_core.o
    0x20000218   0x00000006   Data   RW         6550    .data               os_cpu_c.o
    0x2000021e   0x00000002   PAD
    0x20000220   0x00000004   Data   RW         6930    .data               mc_w.l(stdout.o)
    0x20000224   0x00000140   Zero   RW          377    .bss                main.o
    0x20000364   0x00000664   Zero   RW          508    .bss                usbh_usr.o
    0x200009c8   0x0000133c   Zero   RW          680    .bss                app_task.o
    0x20001d04   0x00000200   Zero   RW          898    .bss                usbh_stdreq.o
    0x20001f04   0x00000410   Zero   RW         1552    .bss                usbh_msc_scsi.o
    0x20002314   0x00000040   Zero   RW         1607    .bss                usbh_msc_bot.o
    0x20002354   0x0000004a   Zero   RW         1655    .bss                usbh_msc_core.o
    0x2000239e   0x00000270   Zero   RW         2056    .bss                lcd_log.o
    0x2000260e   0x00000002   PAD
    0x20002610   0x00000080   Zero   RW         5668    .bss                usbh_dfu_core.o
    0x20002690   0x00000578   Zero   RW         5781    .bss                uart.o
    0x20002c08   0x0000008c   Zero   RW         6086    .bss                shell.o
    0x20002c94   0x0000068c   Zero   RW         6202    .bss                os_core.o
    0x20003320   0x00000200   Zero   RW         6549    .bss                os_cpu_c.o
    0x20003520   0x00000400   Zero   RW         2109    STACK               startup_stm32f2xx.o


==============================================================================

Image component sizes


      Code (inc. data)   RO Data    RW Data    ZI Data      Debug   Object Name

       652        124          0         18       4924     285318   app_task.o
         4          0          0          0          0        482   fattime.o
      5846         46        194         10          0      28627   ff.o
      1138        186          0         18        624       6701   lcd_log.o
       180          0          0          0          0       2216   lib.o
        60          8          0          0        320       3810   main.o
       160         30          0          0          0       2249   misc.o
      2134        366        256         72       1676      22377   os_core.o
       176         36          0          0          0        344   os_cpu_a.o
       262         28          0          6        512      13727   os_cpu_c.o
       400         22          0          0          0       2474   os_sem.o
       846         80          0          0          0       5160   os_task.o
       120         20          0          0          0        636   os_time.o
       840         98          0          0          0       6090   os_tmr.o
       118         20          0          8          0       3505   rtc.o
      1736        520        215          4        140      31668   shell.o
        36          8        388          0       1024        876   startup_stm32f2xx.o
       548        110        108         60          0       5223   stm322xg_eval.o
      3210        214      11640         44          0      16994   stm322xg_eval_lcd.o
       200         18          0          0          0       2272   stm32f2xx_exti.o
       276          6          0          0          0       1957   stm32f2xx_fsmc.o
       240          0          0          0          0       3687   stm32f2xx_gpio.o
       392         48          0         16          0       5785   stm32f2xx_rcc.o
        64          4          0          0          0        672   stm32f2xx_syscfg.o
       238         28          0          0          0       4445   stm32f2xx_tim.o
       344          8          0          0          0       4265   stm32f2xx_usart.o
        98         10          0          0          0     320589   stm32fxxx_it.o
       488         54          0         20          0       2293   system_stm32f2xx.o
      2162        184          0          6       1400      17722   uart.o
       614         28          0          5          0       6068   usb_bsp.o
      2992         18          0          0          0      18455   usb_core.o
       202          0          0          0          0       5119   usb_hcd.o
      3710         16          0          0          0      10335   usb_hcd_int.o
      2244        474          0         20          0      17358   usbh_core.o
      1734        550        156         70        128      11474   usbh_dfu_core.o
       402          0          0          0          0       4528   usbh_hcs.o
       752          0          0          0          0       6981   usbh_ioreq.o
      1140        100          0         20         64       6861   usbh_msc_bot.o
       876         62          0         30         74       6649   usbh_msc_core.o
       388         52          0          1          0       5262   usbh_msc_fatfs.o
      1312         88          0          1       1040       7328   usbh_msc_scsi.o
      1028         14          0          3        512      10837   usbh_stdreq.o
      4330       1690        529         84       1636      28561   usbh_usr.o
       510        224        552         16          0       5229   xprintf.o

    ----------------------------------------------------------------------
     45276       5592      14076        544      14076     953209   Object Totals
         0          0         32          0          0          0   (incl. Generated)
        74          0          6         12          2          0   (incl. Padding)

    ----------------------------------------------------------------------

      Code (inc. data)   RO Data    RW Data    ZI Data      Debug   Library Member Name

        92          0          0          0          0          0   __dczerorl2.o
         0          0          0          0          0          0   entry.o
         0          0          0          0          0          0   entry10a.o
         0          0          0          0          0          0   entry11a.o
         8          4          0          0          0          0   entry2.o
         4          0          0          0          0          0   entry5.o
         0          0          0          0          0          0   entry7b.o
         0          0          0          0          0          0   entry8b.o
         8          4          0          0          0          0   entry9a.o
        30          0          0          0          0          0   handlers.o
        36          8          0          0          0         68   init.o
        26          0          0          0          0         80   memcmp.o
        36          0          0          0          0         68   memcpya.o
        36          0          0          0          0        108   memseta.o
       472         14          0          0          0        180   printf3.o
         0          0          0          4          0          0   stdout.o
        24          0          0          0          0         68   strcat.o
        18          0          0          0          0         68   strcpy.o
        14          0          0          0          0         68   strlen.o
        36          0          0          0          0         80   strstr.o
        44          0          0          0          0         80   uidiv.o

    ----------------------------------------------------------------------
       888         30          0          4          0        868   Library Totals
         4          0          0          0          0          0   (incl. Padding)

    ----------------------------------------------------------------------

      Code (inc. data)   RO Data    RW Data    ZI Data      Debug   Library Name

       884         30          0          4          0        868   mc_w.l

    ----------------------------------------------------------------------
       888         30          0          4          0        868   Library Totals

    ----------------------------------------------------------------------

==============================================================================


      Code (inc. data)   RO Data    RW Data    ZI Data      Debug   

     46164       5622      14076        548      14076     934161   Grand Totals
     46164       5622      14076        204      14076     934161   ELF Image Totals (compressed)
     46164       5622      14076        204          0          0   ROM Totals

==============================================================================

    Total RO  Size (Code + RO Data)                60240 (  58.83kB)
    Total RW  Size (RW Data + ZI Data)             14624 (  14.28kB)
    Total ROM Size (Code + RO Data + RW Data)      60444 (  59.03kB)

==============================================================================

