<html>
<body>
<pre>
<h1>礦ision Build Log</h1>
<h2>Project:</h2>
E:\workSpace\USB_U_DFU\Project_FireWare\USB_Host_Examples\MSC_读取U盘\MDK-ARM\USBH_MSC.uvproj
Project File Date:  09/18/2015

<h2>Output:</h2>
Build target '神舟王STM322xG-EVAL_USBH-FS'
compiling usbh_dfu_core.c...
..\..\..\..\Libraries\STM32_USB_HOST_Library\Class\DFU\src\usbh_dfu_core.c(427): warning:  #177-D: variable "maxEP" was declared but never referenced
..\..\..\..\Libraries\STM32_USB_HOST_Library\Class\DFU\src\usbh_dfu_core.c(430): warning:  #177-D: variable "num" was declared but never referenced
..\..\..\..\Libraries\STM32_USB_HOST_Library\Class\DFU\src\usbh_dfu_core.c(432): warning:  #177-D: variable "DFU_Step" was declared but never referenced
..\..\..\..\Libraries\STM32_USB_HOST_Library\Class\DFU\src\usbh_dfu_core.c(630): warning:  #177-D: variable "pphost" was declared but never referenced
..\..\..\..\Libraries\STM32_USB_HOST_Library\Class\DFU\src\usbh_dfu_core.c(633): warning:  #177-D: variable "classReqStatus" was declared but never referenced
..\..\..\..\Libraries\STM32_USB_HOST_Library\Class\DFU\src\usbh_dfu_core.c(650): warning:  #177-D: variable "pphost" was declared but never referenced
..\..\..\..\Libraries\STM32_USB_HOST_Library\Class\DFU\src\usbh_dfu_core.c(727): warning:  #177-D: function "USBH_Get_DFU_ReportDescriptor" was declared but never referenced
..\..\..\..\Libraries\STM32_USB_HOST_Library\Class\DFU\src\usbh_dfu_core.c(760): warning:  #177-D: function "USBH_Get_DFU_Descriptor" was declared but never referenced
..\..\..\..\Libraries\STM32_USB_HOST_Library\Class\DFU\src\usbh_dfu_core.c(786): warning:  #177-D: function "USBH_Set_Idle" was declared but never referenced
..\..\..\..\Libraries\STM32_USB_HOST_Library\Class\DFU\src\usbh_dfu_core.c(814): warning:  #177-D: function "USBH_Set_Protocol" was declared but never referenced
linking...
.\STM322xG-EVAL\STM322xG-EVAL_FS.axf: Error: L6218E: Undefined symbol USB_Host (referred from stm32fxxx_it.o).
.\STM322xG-EVAL\STM322xG-EVAL_FS.axf: Error: L6218E: Undefined symbol USB_OTG_Core (referred from stm32fxxx_it.o).
".\STM322xG-EVAL\STM322xG-EVAL_FS.axf" - 2 Errors, 10 Warning(s).
Target not created
Build target '神舟王STM322xG-EVAL_USBH-FS'
linking...
.\STM322xG-EVAL\STM322xG-EVAL_FS.axf: Error: L6218E: Undefined symbol USB_Host (referred from stm32fxxx_it.o).
.\STM322xG-EVAL\STM322xG-EVAL_FS.axf: Error: L6218E: Undefined symbol USB_OTG_Core (referred from stm32fxxx_it.o).
".\STM322xG-EVAL\STM322xG-EVAL_FS.axf" - 2 Errors, 0 Warning(s).
Target not created
Build target '神舟王STM322xG-EVAL_USBH-FS'
compiling main.c...
linking...
.\STM322xG-EVAL\STM322xG-EVAL_FS.axf: Error: L6218E: Undefined symbol FirewareSize (referred from main.o).
".\STM322xG-EVAL\STM322xG-EVAL_FS.axf" - 1 Errors, 0 Warning(s).
Target not created
Build target '神舟王STM322xG-EVAL_USBH-FS'
compiling usbh_fireware.c...
linking...
Program Size: Code=436 RO-data=419192 RW-data=4 ZI-data=1028  
FromELF: creating hex file...
".\STM322xG-EVAL\STM322xG-EVAL_FS.axf" - 0 Errors, 0 Warning(s).
